Archive member included to satisfy reference by file (symbol)

g:/arm_tools/gcc-arm-11.2-2022.02-mingw-w64-i686-arm-none-eabi/bin/../lib/gcc/arm-none-eabi/11.2.1/thumb/v7-m/nofp\libc_nano.a(lib_a-exit.o)
                              g:/arm_tools/gcc-arm-11.2-2022.02-mingw-w64-i686-arm-none-eabi/bin/../lib/gcc/arm-none-eabi/11.2.1/thumb/v7-m/nofp/crt0.o (exit)
g:/arm_tools/gcc-arm-11.2-2022.02-mingw-w64-i686-arm-none-eabi/bin/../lib/gcc/arm-none-eabi/11.2.1/thumb/v7-m/nofp\libc_nano.a(lib_a-impure.o)
                              g:/arm_tools/gcc-arm-11.2-2022.02-mingw-w64-i686-arm-none-eabi/bin/../lib/gcc/arm-none-eabi/11.2.1/thumb/v7-m/nofp\libc_nano.a(lib_a-exit.o) (_global_impure_ptr)
g:/arm_tools/gcc-arm-11.2-2022.02-mingw-w64-i686-arm-none-eabi/bin/../lib/gcc/arm-none-eabi/11.2.1/thumb/v7-m/nofp\libc_nano.a(lib_a-init.o)
                              g:/arm_tools/gcc-arm-11.2-2022.02-mingw-w64-i686-arm-none-eabi/bin/../lib/gcc/arm-none-eabi/11.2.1/thumb/v7-m/nofp/crt0.o (__libc_init_array)
g:/arm_tools/gcc-arm-11.2-2022.02-mingw-w64-i686-arm-none-eabi/bin/../lib/gcc/arm-none-eabi/11.2.1/thumb/v7-m/nofp\libc_nano.a(lib_a-memcpy-stub.o)
                              build/queue.o (memcpy)
g:/arm_tools/gcc-arm-11.2-2022.02-mingw-w64-i686-arm-none-eabi/bin/../lib/gcc/arm-none-eabi/11.2.1/thumb/v7-m/nofp\libc_nano.a(lib_a-memset.o)
                              g:/arm_tools/gcc-arm-11.2-2022.02-mingw-w64-i686-arm-none-eabi/bin/../lib/gcc/arm-none-eabi/11.2.1/thumb/v7-m/nofp/crt0.o (memset)
g:/arm_tools/gcc-arm-11.2-2022.02-mingw-w64-i686-arm-none-eabi/bin/../lib/gcc/arm-none-eabi/11.2.1/thumb/v7-m/nofp\libnosys.a(_exit.o)
                              g:/arm_tools/gcc-arm-11.2-2022.02-mingw-w64-i686-arm-none-eabi/bin/../lib/gcc/arm-none-eabi/11.2.1/thumb/v7-m/nofp\libc_nano.a(lib_a-exit.o) (_exit)

Discarded input sections

 .text          0x00000000        0x0 g:/arm_tools/gcc-arm-11.2-2022.02-mingw-w64-i686-arm-none-eabi/bin/../lib/gcc/arm-none-eabi/11.2.1/thumb/v7-m/nofp/crti.o
 .data          0x00000000        0x0 g:/arm_tools/gcc-arm-11.2-2022.02-mingw-w64-i686-arm-none-eabi/bin/../lib/gcc/arm-none-eabi/11.2.1/thumb/v7-m/nofp/crti.o
 .bss           0x00000000        0x0 g:/arm_tools/gcc-arm-11.2-2022.02-mingw-w64-i686-arm-none-eabi/bin/../lib/gcc/arm-none-eabi/11.2.1/thumb/v7-m/nofp/crti.o
 .text          0x00000000        0x0 g:/arm_tools/gcc-arm-11.2-2022.02-mingw-w64-i686-arm-none-eabi/bin/../lib/gcc/arm-none-eabi/11.2.1/thumb/v7-m/nofp/crtbegin.o
 .data          0x00000000        0x0 g:/arm_tools/gcc-arm-11.2-2022.02-mingw-w64-i686-arm-none-eabi/bin/../lib/gcc/arm-none-eabi/11.2.1/thumb/v7-m/nofp/crtbegin.o
 .bss           0x00000000        0x0 g:/arm_tools/gcc-arm-11.2-2022.02-mingw-w64-i686-arm-none-eabi/bin/../lib/gcc/arm-none-eabi/11.2.1/thumb/v7-m/nofp/crtbegin.o
 .rodata.all_implied_fbits
                0x00000000       0x24 g:/arm_tools/gcc-arm-11.2-2022.02-mingw-w64-i686-arm-none-eabi/bin/../lib/gcc/arm-none-eabi/11.2.1/thumb/v7-m/nofp/crtbegin.o
 .data.__dso_handle
                0x00000000        0x4 g:/arm_tools/gcc-arm-11.2-2022.02-mingw-w64-i686-arm-none-eabi/bin/../lib/gcc/arm-none-eabi/11.2.1/thumb/v7-m/nofp/crtbegin.o
 .text          0x00000000       0x7c g:/arm_tools/gcc-arm-11.2-2022.02-mingw-w64-i686-arm-none-eabi/bin/../lib/gcc/arm-none-eabi/11.2.1/thumb/v7-m/nofp/crt0.o
 .data          0x00000000        0x0 g:/arm_tools/gcc-arm-11.2-2022.02-mingw-w64-i686-arm-none-eabi/bin/../lib/gcc/arm-none-eabi/11.2.1/thumb/v7-m/nofp/crt0.o
 .bss           0x00000000        0x0 g:/arm_tools/gcc-arm-11.2-2022.02-mingw-w64-i686-arm-none-eabi/bin/../lib/gcc/arm-none-eabi/11.2.1/thumb/v7-m/nofp/crt0.o
 .ARM.extab     0x00000000        0x0 g:/arm_tools/gcc-arm-11.2-2022.02-mingw-w64-i686-arm-none-eabi/bin/../lib/gcc/arm-none-eabi/11.2.1/thumb/v7-m/nofp/crt0.o
 .ARM.exidx     0x00000000       0x10 g:/arm_tools/gcc-arm-11.2-2022.02-mingw-w64-i686-arm-none-eabi/bin/../lib/gcc/arm-none-eabi/11.2.1/thumb/v7-m/nofp/crt0.o
 .debug_line    0x00000000       0x76 g:/arm_tools/gcc-arm-11.2-2022.02-mingw-w64-i686-arm-none-eabi/bin/../lib/gcc/arm-none-eabi/11.2.1/thumb/v7-m/nofp/crt0.o
 .debug_line_str
                0x00000000       0xa6 g:/arm_tools/gcc-arm-11.2-2022.02-mingw-w64-i686-arm-none-eabi/bin/../lib/gcc/arm-none-eabi/11.2.1/thumb/v7-m/nofp/crt0.o
 .debug_info    0x00000000       0x24 g:/arm_tools/gcc-arm-11.2-2022.02-mingw-w64-i686-arm-none-eabi/bin/../lib/gcc/arm-none-eabi/11.2.1/thumb/v7-m/nofp/crt0.o
 .debug_abbrev  0x00000000       0x14 g:/arm_tools/gcc-arm-11.2-2022.02-mingw-w64-i686-arm-none-eabi/bin/../lib/gcc/arm-none-eabi/11.2.1/thumb/v7-m/nofp/crt0.o
 .debug_aranges
                0x00000000       0x20 g:/arm_tools/gcc-arm-11.2-2022.02-mingw-w64-i686-arm-none-eabi/bin/../lib/gcc/arm-none-eabi/11.2.1/thumb/v7-m/nofp/crt0.o
 .debug_str     0x00000000       0x9f g:/arm_tools/gcc-arm-11.2-2022.02-mingw-w64-i686-arm-none-eabi/bin/../lib/gcc/arm-none-eabi/11.2.1/thumb/v7-m/nofp/crt0.o
[...]
Memory Configuration

Name             Origin             Length             Attributes
RAM              0x20000000         0x00005000         xrw
FLASH            0x08000000         0x00020000         xr
*default*        0x00000000         0xffffffff

Linker script and memory map

LOAD g:/arm_tools/gcc-arm-11.2-2022.02-mingw-w64-i686-arm-none-eabi/bin/../lib/gcc/arm-none-eabi/11.2.1/thumb/v7-m/nofp/crti.o
LOAD g:/arm_tools/gcc-arm-11.2-2022.02-mingw-w64-i686-arm-none-eabi/bin/../lib/gcc/arm-none-eabi/11.2.1/thumb/v7-m/nofp/crtbegin.o
LOAD g:/arm_tools/gcc-arm-11.2-2022.02-mingw-w64-i686-arm-none-eabi/bin/../lib/gcc/arm-none-eabi/11.2.1/thumb/v7-m/nofp/crt0.o
LOAD build/main.o
LOAD build/freertos.o
LOAD build/stm32f1xx_it.o
LOAD build/stm32f1xx_hal_msp.o
LOAD build/stm32f1xx_hal_gpio_ex.o
LOAD build/stm32f1xx_hal_adc.o
LOAD build/stm32f1xx_hal_adc_ex.o
LOAD build/stm32f1xx_hal.o
LOAD build/stm32f1xx_hal_rcc.o
LOAD build/stm32f1xx_hal_rcc_ex.o
LOAD build/stm32f1xx_hal_gpio.o
LOAD build/stm32f1xx_hal_dma.o
LOAD build/stm32f1xx_hal_cortex.o
LOAD build/stm32f1xx_hal_pwr.o
LOAD build/stm32f1xx_hal_flash.o
LOAD build/stm32f1xx_hal_flash_ex.o
LOAD build/stm32f1xx_hal_exti.o
LOAD build/stm32f1xx_hal_i2c.o
LOAD build/stm32f1xx_hal_tim.o
LOAD build/stm32f1xx_hal_tim_ex.o
LOAD build/stm32f1xx_hal_uart.o
LOAD build/system_stm32f1xx.o
LOAD build/croutine.o
LOAD build/event_groups.o
LOAD build/list.o
LOAD build/queue.o
LOAD build/stream_buffer.o
LOAD build/tasks.o
LOAD build/timers.o
LOAD build/cmsis_os.o
LOAD build/heap_4.o
LOAD build/port.o
LOAD build/startup_stm32f103xb.o
LOAD g:/arm_tools/gcc-arm-11.2-2022.02-mingw-w64-i686-arm-none-eabi/bin/../lib/gcc/arm-none-eabi/11.2.1/thumb/v7-m/nofp\libc_nano.a
LOAD g:/arm_tools/gcc-arm-11.2-2022.02-mingw-w64-i686-arm-none-eabi/bin/../lib/gcc/arm-none-eabi/11.2.1/thumb/v7-m/nofp\libm.a
LOAD g:/arm_tools/gcc-arm-11.2-2022.02-mingw-w64-i686-arm-none-eabi/bin/../lib/gcc/arm-none-eabi/11.2.1/thumb/v7-m/nofp\libnosys.a
START GROUP
LOAD g:/arm_tools/gcc-arm-11.2-2022.02-mingw-w64-i686-arm-none-eabi/bin/../lib/gcc/arm-none-eabi/11.2.1/thumb/v7-m/nofp\libgcc.a
LOAD g:/arm_tools/gcc-arm-11.2-2022.02-mingw-w64-i686-arm-none-eabi/bin/../lib/gcc/arm-none-eabi/11.2.1/thumb/v7-m/nofp\libc_nano.a
END GROUP
START GROUP
LOAD g:/arm_tools/gcc-arm-11.2-2022.02-mingw-w64-i686-arm-none-eabi/bin/../lib/gcc/arm-none-eabi/11.2.1/thumb/v7-m/nofp\libgcc.a
LOAD g:/arm_tools/gcc-arm-11.2-2022.02-mingw-w64-i686-arm-none-eabi/bin/../lib/gcc/arm-none-eabi/11.2.1/thumb/v7-m/nofp\libc_nano.a
END GROUP
LOAD g:/arm_tools/gcc-arm-11.2-2022.02-mingw-w64-i686-arm-none-eabi/bin/../lib/gcc/arm-none-eabi/11.2.1/thumb/v7-m/nofp/crtend.o
LOAD g:/arm_tools/gcc-arm-11.2-2022.02-mingw-w64-i686-arm-none-eabi/bin/../lib/gcc/arm-none-eabi/11.2.1/thumb/v7-m/nofp/crtn.o
                0x20005000                _estack = (ORIGIN (RAM) + LENGTH (RAM))
                0x00000200                _Min_Heap_Size = 0x200
                0x00000400                _Min_Stack_Size = 0x400

.isr_vector     0x08000000      0x10c
                0x08000000                . = ALIGN (0x4)
 *(.isr_vector)
 .isr_vector    0x08000000      0x10c build/startup_stm32f103xb.o
                0x08000000                g_pfnVectors
                0x0800010c                . = ALIGN (0x4)

.text           0x08000110     0x23a4
                0x08000110                . = ALIGN (0x4)
 *(.text)
 *(.text*)
 .text.deregister_tm_clones
                0x08000110       0x1c g:/arm_tools/gcc-arm-11.2-2022.02-mingw-w64-i686-arm-none-eabi/bin/../lib/gcc/arm-none-eabi/11.2.1/thumb/v7-m/nofp/crtbegin.o
 .text.register_tm_clones
                0x0800012c       0x24 g:/arm_tools/gcc-arm-11.2-2022.02-mingw-w64-i686-arm-none-eabi/bin/../lib/gcc/arm-none-eabi/11.2.1/thumb/v7-m/nofp/crtbegin.o
 .text.__do_global_dtors_aux
                0x08000150       0x28 g:/arm_tools/gcc-arm-11.2-2022.02-mingw-w64-i686-arm-none-eabi/bin/../lib/gcc/arm-none-eabi/11.2.1/thumb/v7-m/nofp/crtbegin.o
 .text.frame_dummy
                0x08000178       0x24 g:/arm_tools/gcc-arm-11.2-2022.02-mingw-w64-i686-arm-none-eabi/bin/../lib/gcc/arm-none-eabi/11.2.1/thumb/v7-m/nofp/crtbegin.o
 .text.MX_GPIO_Init
                0x0800019c       0xe8 build/main.o
 .text.StartDefaultTask
                0x08000284        0xa build/main.o
                0x08000284                StartDefaultTask
 .text.Error_Handler
                0x0800028e        0x4 build/main.o
                0x0800028e                Error_Handler
 *fill*         0x08000292        0x2 
 .text.MX_ADC1_Init
                0x08000294       0x54 build/main.o
 .text.MX_I2C1_Init
                0x080002e8       0x38 build/main.o
 .text.MX_USART2_UART_Init
                0x08000320       0x34 build/main.o
 .text.SystemClock_Config
                0x08000354       0x88 build/main.o
                0x08000354                SystemClock_Config
 .text.main     0x080003dc       0x50 build/main.o
                0x080003dc                main
 .text.vApplicationGetIdleTaskMemory
                0x0800042c       0x18 build/freertos.o
                0x0800042c                vApplicationGetIdleTaskMemory
 .text.NMI_Handler
                0x08000444        0x2 build/stm32f1xx_it.o
                0x08000444                NMI_Handler
 .text.HardFault_Handler
                0x08000446        0x2 build/stm32f1xx_it.o
                0x08000446                HardFault_Handler
 .text.MemManage_Handler
                0x08000448        0x2 build/stm32f1xx_it.o
                0x08000448                MemManage_Handler
 .text.BusFault_Handler
                0x0800044a        0x2 build/stm32f1xx_it.o
                0x0800044a                BusFault_Handler
 .text.UsageFault_Handler
                0x0800044c        0x2 build/stm32f1xx_it.o
                0x0800044c                UsageFault_Handler
 .text.DebugMon_Handler
                0x0800044e        0x2 build/stm32f1xx_it.o
                0x0800044e                DebugMon_Handler
 .text.SysTick_Handler
                0x08000450       0x16 build/stm32f1xx_it.o
                0x08000450                SysTick_Handler
 .text.EXTI15_10_IRQHandler
                0x08000466        0xc build/stm32f1xx_it.o
                0x08000466                EXTI15_10_IRQHandler
 *fill*         0x08000472        0x2 
 .text.HAL_MspInit
                0x08000474       0x54 build/stm32f1xx_hal_msp.o
                0x08000474                HAL_MspInit
 .text.HAL_ADC_MspInit
                0x080004c8       0x60 build/stm32f1xx_hal_msp.o
                0x080004c8                HAL_ADC_MspInit
 .text.HAL_I2C_MspInit
                0x08000528       0x78 build/stm32f1xx_hal_msp.o
                0x08000528                HAL_I2C_MspInit
 .text.HAL_UART_MspInit
                0x080005a0       0x60 build/stm32f1xx_hal_msp.o
                0x080005a0                HAL_UART_MspInit
 .text.HAL_ADC_ConfigChannel
                0x08000600      0x140 build/stm32f1xx_hal_adc.o
                0x08000600                HAL_ADC_ConfigChannel
 .text.ADC_ConversionStop_Disable
                0x08000740       0x56 build/stm32f1xx_hal_adc.o
                0x08000740                ADC_ConversionStop_Disable
 *fill*         0x08000796        0x2 
 .text.HAL_ADC_Init
                0x08000798      0x108 build/stm32f1xx_hal_adc.o
                0x08000798                HAL_ADC_Init
 .text.HAL_InitTick
                0x080008a0       0x4c build/stm32f1xx_hal.o
                0x080008a0                HAL_InitTick
 .text.HAL_Init
                0x080008ec       0x24 build/stm32f1xx_hal.o
                0x080008ec                HAL_Init
 .text.HAL_IncTick
                0x08000910       0x18 build/stm32f1xx_hal.o
                0x08000910                HAL_IncTick
 .text.HAL_GetTick
                0x08000928        0xc build/stm32f1xx_hal.o
                0x08000928                HAL_GetTick
 .text.HAL_Delay
                0x08000934       0x28 build/stm32f1xx_hal.o
                0x08000934                HAL_Delay
 .text.RCC_Delay
                0x0800095c       0x2c build/stm32f1xx_hal_rcc.o
 .text.HAL_RCC_OscConfig
                0x08000988      0x410 build/stm32f1xx_hal_rcc.o
                0x08000988                HAL_RCC_OscConfig
 .text.HAL_RCC_GetSysClockFreq
                0x08000d98       0x70 build/stm32f1xx_hal_rcc.o
                0x08000d98                HAL_RCC_GetSysClockFreq
 .text.HAL_RCC_ClockConfig
                0x08000e08      0x16c build/stm32f1xx_hal_rcc.o
                0x08000e08                HAL_RCC_ClockConfig
 .text.HAL_RCC_GetHCLKFreq
                0x08000f74        0xc build/stm32f1xx_hal_rcc.o
                0x08000f74                HAL_RCC_GetHCLKFreq
 .text.HAL_RCC_GetPCLK1Freq
                0x08000f80       0x20 build/stm32f1xx_hal_rcc.o
                0x08000f80                HAL_RCC_GetPCLK1Freq
 .text.HAL_RCC_GetPCLK2Freq
                0x08000fa0       0x20 build/stm32f1xx_hal_rcc.o
                0x08000fa0                HAL_RCC_GetPCLK2Freq
 .text.HAL_RCCEx_PeriphCLKConfig
                0x08000fc0      0x118 build/stm32f1xx_hal_rcc_ex.o
                0x08000fc0                HAL_RCCEx_PeriphCLKConfig
 .text.HAL_GPIO_Init
                0x080010d8      0x224 build/stm32f1xx_hal_gpio.o
                0x080010d8                HAL_GPIO_Init
 .text.HAL_GPIO_WritePin
                0x080012fc        0xc build/stm32f1xx_hal_gpio.o
                0x080012fc                HAL_GPIO_WritePin
 .text.HAL_GPIO_EXTI_Callback
                0x08001308        0x2 build/stm32f1xx_hal_gpio.o
                0x08001308                HAL_GPIO_EXTI_Callback
 *fill*         0x0800130a        0x2 
 .text.HAL_GPIO_EXTI_IRQHandler
                0x0800130c       0x1c build/stm32f1xx_hal_gpio.o
                0x0800130c                HAL_GPIO_EXTI_IRQHandler
 .text.HAL_NVIC_SetPriorityGrouping
                0x08001328       0x24 build/stm32f1xx_hal_cortex.o
                0x08001328                HAL_NVIC_SetPriorityGrouping
 .text.HAL_NVIC_SetPriority
                0x0800134c       0x70 build/stm32f1xx_hal_cortex.o
                0x0800134c                HAL_NVIC_SetPriority
 .text.HAL_NVIC_EnableIRQ
                0x080013bc       0x1c build/stm32f1xx_hal_cortex.o
                0x080013bc                HAL_NVIC_EnableIRQ
 .text.HAL_SYSTICK_Config
                0x080013d8       0x28 build/stm32f1xx_hal_cortex.o
                0x080013d8                HAL_SYSTICK_Config
 .text.HAL_I2C_Init
                0x08001400      0x1bc build/stm32f1xx_hal_i2c.o
                0x08001400                HAL_I2C_Init
 .text.UART_SetConfig
                0x080015bc       0x94 build/stm32f1xx_hal_uart.o
 .text.HAL_UART_Init
                0x08001650       0x5e build/stm32f1xx_hal_uart.o
                0x08001650                HAL_UART_Init
 .text.SystemInit
                0x080016ae        0x2 build/system_stm32f1xx.o
                0x080016ae                SystemInit
 .text.vListInitialise
                0x080016b0       0x16 build/list.o
                0x080016b0                vListInitialise
 .text.vListInitialiseItem
                0x080016c6        0x6 build/list.o
                0x080016c6                vListInitialiseItem
 .text.vListInsertEnd
                0x080016cc       0x16 build/list.o
                0x080016cc                vListInsertEnd
 .text.vListInsert
                0x080016e2       0x32 build/list.o
                0x080016e2                vListInsert
 .text.uxListRemove
                0x08001714       0x26 build/list.o
                0x08001714                uxListRemove
 *fill*         0x0800173a        0x2 
 .text.prvResetNextTaskUnblockTime
                0x0800173c       0x2c build/tasks.o
 .text.prvInitialiseNewTask
                0x08001768       0x90 build/tasks.o
 .text.prvInitialiseTaskLists
                0x080017f8       0x68 build/tasks.o
 .text.prvAddNewTaskToReadyList
                0x08001860       0xa8 build/tasks.o
 .text.prvDeleteTCB
                0x08001908       0x38 build/tasks.o
 .text.prvCheckTasksWaitingTermination
                0x08001940       0x4c build/tasks.o
 .text.prvIdleTask
                0x0800198c       0x28 build/tasks.o
 .text.prvAddCurrentTaskToDelayedList
                0x080019b4       0x98 build/tasks.o
 .text.xTaskCreateStatic
                0x08001a4c       0x74 build/tasks.o
                0x08001a4c                xTaskCreateStatic
 .text.xTaskCreate
                0x08001ac0       0x68 build/tasks.o
                0x08001ac0                xTaskCreate
 .text.vTaskStartScheduler
                0x08001b28       0x74 build/tasks.o
                0x08001b28                vTaskStartScheduler
 .text.vTaskSuspendAll
                0x08001b9c       0x10 build/tasks.o
                0x08001b9c                vTaskSuspendAll
 .text.xTaskIncrementTick
                0x08001bac      0x118 build/tasks.o
                0x08001bac                xTaskIncrementTick
 .text.xTaskResumeAll
                0x08001cc4       0xf8 build/tasks.o
                0x08001cc4                xTaskResumeAll
 .text.vTaskDelay
                0x08001dbc       0x4c build/tasks.o
                0x08001dbc                vTaskDelay
 .text.vTaskSwitchContext
                0x08001e08       0x98 build/tasks.o
                0x08001e08                vTaskSwitchContext
 .text.xTaskGetSchedulerState
                0x08001ea0       0x20 build/tasks.o
                0x08001ea0                xTaskGetSchedulerState
 .text.makeFreeRtosPriority
                0x08001ec0        0xc build/cmsis_os.o
 .text.osKernelStart
                0x08001ecc        0xa build/cmsis_os.o
                0x08001ecc                osKernelStart
 .text.osThreadCreate
                0x08001ed6       0x66 build/cmsis_os.o
                0x08001ed6                osThreadCreate
 .text.osDelay  0x08001f3c        0xe build/cmsis_os.o
                0x08001f3c                osDelay
 *fill*         0x08001f4a        0x2 
 .text.prvHeapInit
                0x08001f4c       0x64 build/heap_4.o
 .text.prvInsertBlockIntoFreeList
                0x08001fb0       0x60 build/heap_4.o
 .text.pvPortMalloc
                0x08002010       0xf0 build/heap_4.o
                0x08002010                pvPortMalloc
 .text.vPortFree
                0x08002100       0x70 build/heap_4.o
                0x08002100                vPortFree
 .text.prvTaskExitError
                0x08002170       0x40 build/port.o
 .text.prvPortStartFirstTask
                0x080021b0       0x20 build/port.o
 .text.pxPortInitialiseStack
                0x080021d0       0x24 build/port.o
                0x080021d0                pxPortInitialiseStack
 *fill*         0x080021f4        0xc 
 .text.SVC_Handler
                0x08002200       0x24 build/port.o
                0x08002200                SVC_Handler
 .text.vPortEnterCritical
                0x08002224       0x44 build/port.o
                0x08002224                vPortEnterCritical
 .text.vPortExitCritical
                0x08002268       0x2c build/port.o
                0x08002268                vPortExitCritical
 *fill*         0x08002294        0xc 
 .text.PendSV_Handler
                0x080022a0       0x44 build/port.o
                0x080022a0                PendSV_Handler
 .text.xPortSysTickHandler
                0x080022e4       0x2c build/port.o
                0x080022e4                xPortSysTickHandler
 .text.vPortSetupTimerInterrupt
                0x08002310       0x28 build/port.o
                0x08002310                vPortSetupTimerInterrupt
 .text.xPortStartScheduler
                0x08002338       0xc0 build/port.o
                0x08002338                xPortStartScheduler
 .text.Reset_Handler
                0x080023f8       0x48 build/startup_stm32f103xb.o
                0x080023f8                Reset_Handler
 .text.Default_Handler
                0x08002440        0x2 build/startup_stm32f103xb.o
                0x08002440                RTC_Alarm_IRQHandler
                0x08002440                EXTI2_IRQHandler
                0x08002440                TIM1_CC_IRQHandler
                0x08002440                PVD_IRQHandler
                0x08002440                EXTI3_IRQHandler
                0x08002440                EXTI0_IRQHandler
                0x08002440                I2C2_EV_IRQHandler
                0x08002440                ADC1_2_IRQHandler
                0x08002440                SPI1_IRQHandler
                0x08002440                TAMPER_IRQHandler
                0x08002440                DMA1_Channel4_IRQHandler
                0x08002440                USART3_IRQHandler
                0x08002440                RTC_IRQHandler
                0x08002440                DMA1_Channel7_IRQHandler
                0x08002440                CAN1_RX1_IRQHandler
                0x08002440                TIM4_IRQHandler
                0x08002440                I2C1_EV_IRQHandler
                0x08002440                DMA1_Channel6_IRQHandler
                0x08002440                TIM3_IRQHandler
                0x08002440                RCC_IRQHandler
                0x08002440                TIM1_TRG_COM_IRQHandler
                0x08002440                DMA1_Channel1_IRQHandler
                0x08002440                Default_Handler
                0x08002440                EXTI9_5_IRQHandler
                0x08002440                SPI2_IRQHandler
                0x08002440                DMA1_Channel5_IRQHandler
                0x08002440                EXTI4_IRQHandler
                0x08002440                USB_LP_CAN1_RX0_IRQHandler
                0x08002440                USB_HP_CAN1_TX_IRQHandler
                0x08002440                DMA1_Channel3_IRQHandler
                0x08002440                TIM1_UP_IRQHandler
                0x08002440                WWDG_IRQHandler
                0x08002440                TIM2_IRQHandler
                0x08002440                TIM1_BRK_IRQHandler
                0x08002440                EXTI1_IRQHandler
                0x08002440                USART2_IRQHandler
                0x08002440                I2C2_ER_IRQHandler
                0x08002440                DMA1_Channel2_IRQHandler
                0x08002440                CAN1_SCE_IRQHandler
                0x08002440                FLASH_IRQHandler
                0x08002440                USART1_IRQHandler
                0x08002440                I2C1_ER_IRQHandler
                0x08002440                USBWakeUp_IRQHandler
 *fill*         0x08002442        0x2 
 .text.__libc_init_array
                0x08002444       0x48 g:/arm_tools/gcc-arm-11.2-2022.02-mingw-w64-i686-arm-none-eabi/bin/../lib/gcc/arm-none-eabi/11.2.1/thumb/v7-m/nofp\libc_nano.a(lib_a-init.o)
                0x08002444                __libc_init_array
 .text.memset   0x0800248c       0x10 g:/arm_tools/gcc-arm-11.2-2022.02-mingw-w64-i686-arm-none-eabi/bin/../lib/gcc/arm-none-eabi/11.2.1/thumb/v7-m/nofp\libc_nano.a(lib_a-memset.o)
                0x0800248c                memset
 *(.glue_7)
 .glue_7        0x0800249c        0x0 linker stubs
 *(.glue_7t)
 .glue_7t       0x0800249c        0x0 linker stubs
 *(.eh_frame)
 .eh_frame      0x0800249c        0x0 g:/arm_tools/gcc-arm-11.2-2022.02-mingw-w64-i686-arm-none-eabi/bin/../lib/gcc/arm-none-eabi/11.2.1/thumb/v7-m/nofp/crtbegin.o
 *(.init)
 .init          0x0800249c        0x4 g:/arm_tools/gcc-arm-11.2-2022.02-mingw-w64-i686-arm-none-eabi/bin/../lib/gcc/arm-none-eabi/11.2.1/thumb/v7-m/nofp/crti.o
                0x0800249c                _init
 .init          0x080024a0        0x8 g:/arm_tools/gcc-arm-11.2-2022.02-mingw-w64-i686-arm-none-eabi/bin/../lib/gcc/arm-none-eabi/11.2.1/thumb/v7-m/nofp/crtn.o
 *(.fini)
 .fini          0x080024a8        0x4 g:/arm_tools/gcc-arm-11.2-2022.02-mingw-w64-i686-arm-none-eabi/bin/../lib/gcc/arm-none-eabi/11.2.1/thumb/v7-m/nofp/crti.o
                0x080024a8                _fini
 .fini          0x080024ac        0x8 g:/arm_tools/gcc-arm-11.2-2022.02-mingw-w64-i686-arm-none-eabi/bin/../lib/gcc/arm-none-eabi/11.2.1/thumb/v7-m/nofp/crtn.o
                0x080024b4                . = ALIGN (0x4)
                0x080024b4                _etext = .

.vfp11_veneer   0x080024b4        0x0
 .vfp11_veneer  0x080024b4        0x0 linker stubs

.v4_bx          0x080024b4        0x0
 .v4_bx         0x080024b4        0x0 linker stubs

.iplt           0x080024b4        0x0
 .iplt          0x080024b4        0x0 g:/arm_tools/gcc-arm-11.2-2022.02-mingw-w64-i686-arm-none-eabi/bin/../lib/gcc/arm-none-eabi/11.2.1/thumb/v7-m/nofp/crtbegin.o

.rodata         0x080024b4       0x5c
                0x080024b4                . = ALIGN (0x4)
 *(.rodata)
 .rodata        0x080024b4       0x1c build/main.o
 *(.rodata*)
 .rodata.str1.4
                0x080024d0        0xc build/main.o
 .rodata.HAL_RCC_GetSysClockFreq.str1.4
                0x080024dc       0x11 build/stm32f1xx_hal_rcc.o
 *fill*         0x080024ed        0x3 
 .rodata.AHBPrescTable
                0x080024f0       0x10 build/system_stm32f1xx.o
                0x080024f0                AHBPrescTable
 .rodata.APBPrescTable
                0x08002500        0x8 build/system_stm32f1xx.o
                0x08002500                APBPrescTable
 .rodata.vTaskStartScheduler.str1.4
                0x08002508        0x5 build/tasks.o
                0x08002510                . = ALIGN (0x4)
 *fill*         0x0800250d        0x3 

.rel.dyn        0x08002510        0x0
 .rel.iplt      0x08002510        0x0 g:/arm_tools/gcc-arm-11.2-2022.02-mingw-w64-i686-arm-none-eabi/bin/../lib/gcc/arm-none-eabi/11.2.1/thumb/v7-m/nofp/crtbegin.o

.ARM.extab
 *(.ARM.extab* .gnu.linkonce.armextab.*)

.ARM            0x08002510        0x0
                0x08002510                __exidx_start = .
 *(.ARM.exidx*)
                0x08002510                __exidx_end = .

.preinit_array  0x08002510        0x0
                0x08002510                PROVIDE (__preinit_array_start = .)
 *(.preinit_array*)
                0x08002510                PROVIDE (__preinit_array_end = .)

.init_array     0x08002510        0x4
                0x08002510                PROVIDE (__init_array_start = .)
 *(SORT_BY_NAME(.init_array.*))
 *(.init_array*)
 .init_array    0x08002510        0x4 g:/arm_tools/gcc-arm-11.2-2022.02-mingw-w64-i686-arm-none-eabi/bin/../lib/gcc/arm-none-eabi/11.2.1/thumb/v7-m/nofp/crtbegin.o
                0x08002514                PROVIDE (__init_array_end = .)

.fini_array     0x08002514        0x4
                [!provide]                PROVIDE (__fini_array_start = .)
 *(SORT_BY_NAME(.fini_array.*))
 *(.fini_array*)
 .fini_array    0x08002514        0x4 g:/arm_tools/gcc-arm-11.2-2022.02-mingw-w64-i686-arm-none-eabi/bin/../lib/gcc/arm-none-eabi/11.2.1/thumb/v7-m/nofp/crtbegin.o
                [!provide]                PROVIDE (__fini_array_end = .)
                0x08002518                _sidata = LOADADDR (.data)

.data           0x20000000       0x10 load address 0x08002518
                0x20000000                . = ALIGN (0x4)
                0x20000000                _sdata = .
 *(.data)
 *(.data*)
 .data.uwTickFreq
                0x20000000        0x1 build/stm32f1xx_hal.o
                0x20000000                uwTickFreq
 *fill*         0x20000001        0x3 
 .data.uwTickPrio
                0x20000004        0x4 build/stm32f1xx_hal.o
                0x20000004                uwTickPrio
 .data.SystemCoreClock
                0x20000008        0x4 build/system_stm32f1xx.o
                0x20000008                SystemCoreClock
 .data.uxCriticalNesting
                0x2000000c        0x4 build/port.o
                0x20000010                . = ALIGN (0x4)
                0x20000010                _edata = .

.tm_clone_table
                0x20000010        0x0 load address 0x08002528
 .tm_clone_table
                0x20000010        0x0 g:/arm_tools/gcc-arm-11.2-2022.02-mingw-w64-i686-arm-none-eabi/bin/../lib/gcc/arm-none-eabi/11.2.1/thumb/v7-m/nofp/crtbegin.o
 .tm_clone_table
                0x20000010        0x0 g:/arm_tools/gcc-arm-11.2-2022.02-mingw-w64-i686-arm-none-eabi/bin/../lib/gcc/arm-none-eabi/11.2.1/thumb/v7-m/nofp/crtend.o

.igot.plt       0x20000010        0x0 load address 0x08002528
 .igot.plt      0x20000010        0x0 g:/arm_tools/gcc-arm-11.2-2022.02-mingw-w64-i686-arm-none-eabi/bin/../lib/gcc/arm-none-eabi/11.2.1/thumb/v7-m/nofp/crtbegin.o
                0x20000010                . = ALIGN (0x4)

.bss            0x20000010     0x108c load address 0x08002528
                0x20000010                _sbss = .
                0x20000010                __bss_start__ = _sbss
 *(.bss)
 *(.bss*)
 .bss.completed.1
                0x20000010        0x1 g:/arm_tools/gcc-arm-11.2-2022.02-mingw-w64-i686-arm-none-eabi/bin/../lib/gcc/arm-none-eabi/11.2.1/thumb/v7-m/nofp/crtbegin.o
 *fill*         0x20000011        0x3 
 .bss.object.0  0x20000014       0x18 g:/arm_tools/gcc-arm-11.2-2022.02-mingw-w64-i686-arm-none-eabi/bin/../lib/gcc/arm-none-eabi/11.2.1/thumb/v7-m/nofp/crtbegin.o
 .bss.defaultTaskHandle
                0x2000002c        0x4 build/main.o
                0x2000002c                defaultTaskHandle
 .bss.hadc1     0x20000030       0x30 build/main.o
                0x20000030                hadc1
 .bss.hi2c1     0x20000060       0x54 build/main.o
                0x20000060                hi2c1
 .bss.huart2    0x200000b4       0x44 build/main.o
                0x200000b4                huart2
 .bss.xIdleStack
                0x200000f8      0x200 build/freertos.o
 .bss.xIdleTaskTCBBuffer
                0x200002f8       0x54 build/freertos.o
 .bss.uwTick    0x2000034c        0x4 build/stm32f1xx_hal.o
                0x2000034c                uwTick
 .bss.pxCurrentTCB
                0x20000350        0x4 build/tasks.o
                0x20000350                pxCurrentTCB
 .bss.pxDelayedTaskList
                0x20000354        0x4 build/tasks.o
 .bss.pxOverflowDelayedTaskList
                0x20000358        0x4 build/tasks.o
 .bss.pxReadyTasksLists
                0x2000035c       0x8c build/tasks.o
 .bss.uxCurrentNumberOfTasks
                0x200003e8        0x4 build/tasks.o
 .bss.uxDeletedTasksWaitingCleanUp
                0x200003ec        0x4 build/tasks.o
 .bss.uxPendedTicks
                0x200003f0        0x4 build/tasks.o
 .bss.uxSchedulerSuspended
                0x200003f4        0x4 build/tasks.o
 .bss.uxTaskNumber
                0x200003f8        0x4 build/tasks.o
 .bss.uxTopReadyPriority
                0x200003fc        0x4 build/tasks.o
 .bss.xDelayedTaskList1
                0x20000400       0x14 build/tasks.o
 .bss.xDelayedTaskList2
                0x20000414       0x14 build/tasks.o
 .bss.xIdleTaskHandle
                0x20000428        0x4 build/tasks.o
 .bss.xNextTaskUnblockTime
                0x2000042c        0x4 build/tasks.o
 .bss.xNumOfOverflows
                0x20000430        0x4 build/tasks.o
 .bss.xPendingReadyList
                0x20000434       0x14 build/tasks.o
 .bss.xSchedulerRunning
                0x20000448        0x4 build/tasks.o
 .bss.xSuspendedTaskList
                0x2000044c       0x14 build/tasks.o
 .bss.xTasksWaitingTermination
                0x20000460       0x14 build/tasks.o
 .bss.xTickCount
                0x20000474        0x4 build/tasks.o
 .bss.xYieldPending
                0x20000478        0x4 build/tasks.o
 .bss.pxEnd     0x2000047c        0x4 build/heap_4.o
 .bss.ucHeap    0x20000480      0xc00 build/heap_4.o
 .bss.xBlockAllocatedBit
                0x20001080        0x4 build/heap_4.o
 .bss.xFreeBytesRemaining
                0x20001084        0x4 build/heap_4.o
 .bss.xMinimumEverFreeBytesRemaining
                0x20001088        0x4 build/heap_4.o
 .bss.xStart    0x2000108c        0x8 build/heap_4.o
 .bss.ucMaxSysCallPriority
                0x20001094        0x1 build/port.o
 *fill*         0x20001095        0x3 
 .bss.ulMaxPRIGROUPValue
                0x20001098        0x4 build/port.o
 *(COMMON)
                0x2000109c                . = ALIGN (0x4)
                0x2000109c                _ebss = .
                0x2000109c                __bss_end__ = _ebss

._user_heap_stack
                0x2000109c      0x604 load address 0x08002528
                0x200010a0                . = ALIGN (0x8)
 *fill*         0x2000109c        0x4 
                [!provide]                PROVIDE (end = .)
                [!provide]                PROVIDE (_end = .)
                0x200012a0                . = (. + _Min_Heap_Size)
 *fill*         0x200010a0      0x200 
                0x200016a0                . = (. + _Min_Stack_Size)
 *fill*         0x200012a0      0x400 
                0x200016a0                . = ALIGN (0x8)

/DISCARD/
 libc.a(*)
 libm.a(*)
 libgcc.a(*)

.ARM.attributes
                0x00000000       0x29
 *(.ARM.attributes)
 .ARM.attributes
                0x00000000       0x1d g:/arm_tools/gcc-arm-11.2-2022.02-mingw-w64-i686-arm-none-eabi/bin/../lib/gcc/arm-none-eabi/11.2.1/thumb/v7-m/nofp/crti.o
 .ARM.attributes
                0x0000001d       0x2d g:/arm_tools/gcc-arm-11.2-2022.02-mingw-w64-i686-arm-none-eabi/bin/../lib/gcc/arm-none-eabi/11.2.1/thumb/v7-m/nofp/crtbegin.o
 .ARM.attributes
                0x0000004a       0x2d build/main.o
 .ARM.attributes
                0x00000077       0x2d build/freertos.o
 .ARM.attributes
                0x000000a4       0x2d build/stm32f1xx_it.o
 .ARM.attributes
                0x000000d1       0x2d build/stm32f1xx_hal_msp.o
 .ARM.attributes
                0x000000fe       0x2d build/stm32f1xx_hal_adc.o
 .ARM.attributes
                0x0000012b       0x2d build/stm32f1xx_hal.o
 .ARM.attributes
                0x00000158       0x2d build/stm32f1xx_hal_rcc.o
 .ARM.attributes
                0x00000185       0x2d build/stm32f1xx_hal_rcc_ex.o
 .ARM.attributes
                0x000001b2       0x2d build/stm32f1xx_hal_gpio.o
 .ARM.attributes
                0x000001df       0x2d build/stm32f1xx_hal_cortex.o
 .ARM.attributes
                0x0000020c       0x2d build/stm32f1xx_hal_i2c.o
 .ARM.attributes
                0x00000239       0x2d build/stm32f1xx_hal_uart.o
 .ARM.attributes
                0x00000266       0x2d build/system_stm32f1xx.o
 .ARM.attributes
                0x00000293       0x2d build/list.o
 .ARM.attributes
                0x000002c0       0x2d build/tasks.o
 .ARM.attributes
                0x000002ed       0x2d build/cmsis_os.o
 .ARM.attributes
                0x0000031a       0x2d build/heap_4.o
 .ARM.attributes
                0x00000347       0x2d build/port.o
 .ARM.attributes
                0x00000374       0x21 build/startup_stm32f103xb.o
 .ARM.attributes
                0x00000395       0x2d g:/arm_tools/gcc-arm-11.2-2022.02-mingw-w64-i686-arm-none-eabi/bin/../lib/gcc/arm-none-eabi/11.2.1/thumb/v7-m/nofp\libc_nano.a(lib_a-init.o)
 .ARM.attributes
                0x000003c2       0x2d g:/arm_tools/gcc-arm-11.2-2022.02-mingw-w64-i686-arm-none-eabi/bin/../lib/gcc/arm-none-eabi/11.2.1/thumb/v7-m/nofp\libc_nano.a(lib_a-memset.o)
 .ARM.attributes
                0x000003ef       0x2d g:/arm_tools/gcc-arm-11.2-2022.02-mingw-w64-i686-arm-none-eabi/bin/../lib/gcc/arm-none-eabi/11.2.1/thumb/v7-m/nofp/crtend.o
 .ARM.attributes
                0x0000041c       0x1d g:/arm_tools/gcc-arm-11.2-2022.02-mingw-w64-i686-arm-none-eabi/bin/../lib/gcc/arm-none-eabi/11.2.1/thumb/v7-m/nofp/crtn.o
OUTPUT(build/IEOS_demo_v0.elf elf32-littlearm)
LOAD linker stubs
LOAD g:/arm_tools/gcc-arm-11.2-2022.02-mingw-w64-i686-arm-none-eabi/bin/../lib/gcc/arm-none-eabi/11.2.1/thumb/v7-m/nofp\libc.a
LOAD g:/arm_tools/gcc-arm-11.2-2022.02-mingw-w64-i686-arm-none-eabi/bin/../lib/gcc/arm-none-eabi/11.2.1/thumb/v7-m/nofp\libm.a
LOAD g:/arm_tools/gcc-arm-11.2-2022.02-mingw-w64-i686-arm-none-eabi/bin/../lib/gcc/arm-none-eabi/11.2.1/thumb/v7-m/nofp\libgcc.a

.comment        0x00000000       0x57
 .comment       0x00000000       0x57 g:/arm_tools/gcc-arm-11.2-2022.02-mingw-w64-i686-arm-none-eabi/bin/../lib/gcc/arm-none-eabi/11.2.1/thumb/v7-m/nofp/crtbegin.o
                                 0x58 (size before relaxing)
 .comment       0x00000057       0x58 build/main.o
 .comment       0x00000057       0x58 build/freertos.o
 .comment       0x00000057       0x58 build/stm32f1xx_it.o
 .comment       0x00000057       0x58 build/stm32f1xx_hal_msp.o
 .comment       0x00000057       0x58 build/stm32f1xx_hal_adc.o
 .comment       0x00000057       0x58 build/stm32f1xx_hal.o
 .comment       0x00000057       0x58 build/stm32f1xx_hal_rcc.o
 .comment       0x00000057       0x58 build/stm32f1xx_hal_rcc_ex.o
 .comment       0x00000057       0x58 build/stm32f1xx_hal_gpio.o
 .comment       0x00000057       0x58 build/stm32f1xx_hal_cortex.o
 .comment       0x00000057       0x58 build/stm32f1xx_hal_i2c.o
 .comment       0x00000057       0x58 build/stm32f1xx_hal_uart.o
 .comment       0x00000057       0x58 build/system_stm32f1xx.o
 .comment       0x00000057       0x58 build/list.o
 .comment       0x00000057       0x58 build/tasks.o
 .comment       0x00000057       0x58 build/cmsis_os.o
 .comment       0x00000057       0x58 build/heap_4.o
 .comment       0x00000057       0x58 build/port.o
 .comment       0x00000057       0x58 g:/arm_tools/gcc-arm-11.2-2022.02-mingw-w64-i686-arm-none-eabi/bin/../lib/gcc/arm-none-eabi/11.2.1/thumb/v7-m/nofp\libc_nano.a(lib_a-init.o)
 .comment       0x00000057       0x58 g:/arm_tools/gcc-arm-11.2-2022.02-mingw-w64-i686-arm-none-eabi/bin/../lib/gcc/arm-none-eabi/11.2.1/thumb/v7-m/nofp\libc_nano.a(lib_a-memset.o)
 .comment       0x00000057       0x58 g:/arm_tools/gcc-arm-11.2-2022.02-mingw-w64-i686-arm-none-eabi/bin/../lib/gcc/arm-none-eabi/11.2.1/thumb/v7-m/nofp/crtend.o

.debug_info     0x00000000    0x12a08
 .debug_info    0x00000000     0x1956 build/main.o
 .debug_info    0x00001956      0x2ab build/freertos.o
 .debug_info    0x00001c01      0x1c6 build/stm32f1xx_it.o
 .debug_info    0x00001dc7     0x120e build/stm32f1xx_hal_msp.o
 .debug_info    0x00002fd5     0x105f build/stm32f1xx_hal_adc.o
 .debug_info    0x00004034      0x880 build/stm32f1xx_hal.o
 .debug_info    0x000048b4      0xb0c build/stm32f1xx_hal_rcc.o
 .debug_info    0x000053c0      0x477 build/stm32f1xx_hal_rcc_ex.o
 .debug_info    0x00005837      0x6d7 build/stm32f1xx_hal_gpio.o
 .debug_info    0x00005f0e      0xe33 build/stm32f1xx_hal_cortex.o
 .debug_info    0x00006d41     0x3c84 build/stm32f1xx_hal_i2c.o
 .debug_info    0x0000a9c5     0x1e4c build/stm32f1xx_hal_uart.o
 .debug_info    0x0000c811      0x26e build/system_stm32f1xx.o
 .debug_info    0x0000ca7f      0x309 build/list.o
 .debug_info    0x0000cd88     0x29bf build/tasks.o
 .debug_info    0x0000f747     0x26b0 build/cmsis_os.o
 .debug_info    0x00011df7      0x4a1 build/heap_4.o
 .debug_info    0x00012298      0x563 build/port.o
 .debug_info    0x000127fb       0x22 build/startup_stm32f103xb.o
 .debug_info    0x0001281d      0x10b g:/arm_tools/gcc-arm-11.2-2022.02-mingw-w64-i686-arm-none-eabi/bin/../lib/gcc/arm-none-eabi/11.2.1/thumb/v7-m/nofp\libc_nano.a(lib_a-init.o)
 .debug_info    0x00012928       0xe0 g:/arm_tools/gcc-arm-11.2-2022.02-mingw-w64-i686-arm-none-eabi/bin/../lib/gcc/arm-none-eabi/11.2.1/thumb/v7-m/nofp\libc_nano.a(lib_a-memset.o)

.debug_abbrev   0x00000000     0x2c0e
 .debug_abbrev  0x00000000      0x2f9 build/main.o
 .debug_abbrev  0x000002f9       0xcc build/freertos.o
 .debug_abbrev  0x000003c5       0xea build/stm32f1xx_it.o
 .debug_abbrev  0x000004af      0x1e3 build/stm32f1xx_hal_msp.o
 .debug_abbrev  0x00000692      0x282 build/stm32f1xx_hal_adc.o
 .debug_abbrev  0x00000914      0x232 build/stm32f1xx_hal.o
 .debug_abbrev  0x00000b46      0x2b8 build/stm32f1xx_hal_rcc.o
 .debug_abbrev  0x00000dfe      0x1d4 build/stm32f1xx_hal_rcc_ex.o
 .debug_abbrev  0x00000fd2      0x222 build/stm32f1xx_hal_gpio.o
 .debug_abbrev  0x000011f4      0x348 build/stm32f1xx_hal_cortex.o
 .debug_abbrev  0x0000153c      0x31e build/stm32f1xx_hal_i2c.o
 .debug_abbrev  0x0000185a      0x2df build/stm32f1xx_hal_uart.o
 .debug_abbrev  0x00001b39      0x140 build/system_stm32f1xx.o
 .debug_abbrev  0x00001c79      0x124 build/list.o
 .debug_abbrev  0x00001d9d      0x3dd build/tasks.o
 .debug_abbrev  0x0000217a      0x3f2 build/cmsis_os.o
 .debug_abbrev  0x0000256c      0x267 build/heap_4.o
 .debug_abbrev  0x000027d3      0x2c2 build/port.o
 .debug_abbrev  0x00002a95       0x12 build/startup_stm32f103xb.o
 .debug_abbrev  0x00002aa7       0xc9 g:/arm_tools/gcc-arm-11.2-2022.02-mingw-w64-i686-arm-none-eabi/bin/../lib/gcc/arm-none-eabi/11.2.1/thumb/v7-m/nofp\libc_nano.a(lib_a-init.o)
 .debug_abbrev  0x00002b70       0x9e g:/arm_tools/gcc-arm-11.2-2022.02-mingw-w64-i686-arm-none-eabi/bin/../lib/gcc/arm-none-eabi/11.2.1/thumb/v7-m/nofp\libc_nano.a(lib_a-memset.o)

.debug_loc      0x00000000     0xe692
 .debug_loc     0x00000000      0x173 build/main.o
 .debug_loc     0x00000173       0x40 build/stm32f1xx_it.o
 .debug_loc     0x000001b3      0x32b build/stm32f1xx_hal_msp.o
 .debug_loc     0x000004de      0xe3a build/stm32f1xx_hal_adc.o
 .debug_loc     0x00001318      0x1e1 build/stm32f1xx_hal.o
 .debug_loc     0x000014f9      0x7ee build/stm32f1xx_hal_rcc.o
 .debug_loc     0x00001ce7      0x444 build/stm32f1xx_hal_rcc_ex.o
 .debug_loc     0x0000212b      0x53c build/stm32f1xx_hal_gpio.o
 .debug_loc     0x00002667      0x80c build/stm32f1xx_hal_cortex.o
 .debug_loc     0x00002e73     0x4dcb build/stm32f1xx_hal_i2c.o
 .debug_loc     0x00007c3e     0x2625 build/stm32f1xx_hal_uart.o
 .debug_loc     0x0000a263       0xff build/system_stm32f1xx.o
 .debug_loc     0x0000a362       0xe5 build/list.o
 .debug_loc     0x0000a447     0x22f6 build/tasks.o
 .debug_loc     0x0000c73d     0x1a28 build/cmsis_os.o
 .debug_loc     0x0000e165      0x3c1 build/heap_4.o
 .debug_loc     0x0000e526      0x16c build/port.o

.debug_aranges  0x00000000      0xe50
 .debug_aranges
                0x00000000       0x58 build/main.o
 .debug_aranges
                0x00000058       0x20 build/freertos.o
 .debug_aranges
                0x00000078       0x58 build/stm32f1xx_it.o
 .debug_aranges
                0x000000d0       0x50 build/stm32f1xx_hal_msp.o
 .debug_aranges
                0x00000120       0xf0 build/stm32f1xx_hal_adc.o
 .debug_aranges
                0x00000210       0xe0 build/stm32f1xx_hal.o
 .debug_aranges
                0x000002f0       0x90 build/stm32f1xx_hal_rcc.o
 .debug_aranges
                0x00000380       0x30 build/stm32f1xx_hal_rcc_ex.o
 .debug_aranges
                0x000003b0       0x58 build/stm32f1xx_hal_gpio.o
 .debug_aranges
                0x00000408       0x90 build/stm32f1xx_hal_cortex.o
 .debug_aranges
                0x00000498      0x2a0 build/stm32f1xx_hal_i2c.o
 .debug_aranges
                0x00000738      0x200 build/stm32f1xx_hal_uart.o
 .debug_aranges
                0x00000938       0x28 build/system_stm32f1xx.o
 .debug_aranges
                0x00000960       0x40 build/list.o
 .debug_aranges
                0x000009a0      0x1a8 build/tasks.o
 .debug_aranges
                0x00000b48      0x1d8 build/cmsis_os.o
 .debug_aranges
                0x00000d20       0x50 build/heap_4.o
 .debug_aranges
                0x00000d70       0x78 build/port.o
 .debug_aranges
                0x00000de8       0x28 build/startup_stm32f103xb.o
 .debug_aranges
                0x00000e10       0x20 g:/arm_tools/gcc-arm-11.2-2022.02-mingw-w64-i686-arm-none-eabi/bin/../lib/gcc/arm-none-eabi/11.2.1/thumb/v7-m/nofp\libc_nano.a(lib_a-init.o)
 .debug_aranges
                0x00000e30       0x20 g:/arm_tools/gcc-arm-11.2-2022.02-mingw-w64-i686-arm-none-eabi/bin/../lib/gcc/arm-none-eabi/11.2.1/thumb/v7-m/nofp\libc_nano.a(lib_a-memset.o)

.debug_ranges   0x00000000      0xe68
 .debug_ranges  0x00000000       0x48 build/main.o
 .debug_ranges  0x00000048       0x10 build/freertos.o
 .debug_ranges  0x00000058       0x48 build/stm32f1xx_it.o
 .debug_ranges  0x000000a0       0x40 build/stm32f1xx_hal_msp.o
 .debug_ranges  0x000000e0       0xe0 build/stm32f1xx_hal_adc.o
 .debug_ranges  0x000001c0       0xd0 build/stm32f1xx_hal.o
 .debug_ranges  0x00000290       0xa0 build/stm32f1xx_hal_rcc.o
 .debug_ranges  0x00000330       0x38 build/stm32f1xx_hal_rcc_ex.o
 .debug_ranges  0x00000368       0x48 build/stm32f1xx_hal_gpio.o
 .debug_ranges  0x000003b0       0xe0 build/stm32f1xx_hal_cortex.o
 .debug_ranges  0x00000490      0x2a8 build/stm32f1xx_hal_i2c.o
 .debug_ranges  0x00000738      0x1f0 build/stm32f1xx_hal_uart.o
 .debug_ranges  0x00000928       0x18 build/system_stm32f1xx.o
 .debug_ranges  0x00000940       0x30 build/list.o
 .debug_ranges  0x00000970      0x268 build/tasks.o
 .debug_ranges  0x00000bd8      0x1c8 build/cmsis_os.o
 .debug_ranges  0x00000da0       0x40 build/heap_4.o
 .debug_ranges  0x00000de0       0x68 build/port.o
 .debug_ranges  0x00000e48       0x20 build/startup_stm32f103xb.o

.debug_line     0x00000000     0xffc6
 .debug_line    0x00000000      0x6e1 build/main.o
 .debug_line    0x000006e1      0x1c0 build/freertos.o
 .debug_line    0x000008a1      0x30f build/stm32f1xx_it.o
 .debug_line    0x00000bb0      0x3f3 build/stm32f1xx_hal_msp.o
 .debug_line    0x00000fa3      0xece build/stm32f1xx_hal_adc.o
 .debug_line    0x00001e71      0x52a build/stm32f1xx_hal.o
 .debug_line    0x0000239b      0xc20 build/stm32f1xx_hal_rcc.o
 .debug_line    0x00002fbb      0x492 build/stm32f1xx_hal_rcc_ex.o
 .debug_line    0x0000344d      0x5d7 build/stm32f1xx_hal_gpio.o
 .debug_line    0x00003a24      0x634 build/stm32f1xx_hal_cortex.o
 .debug_line    0x00004058     0x548e build/stm32f1xx_hal_i2c.o
 .debug_line    0x000094e6     0x20b4 build/stm32f1xx_hal_uart.o
 .debug_line    0x0000b59a      0x242 build/system_stm32f1xx.o
 .debug_line    0x0000b7dc      0x370 build/list.o
 .debug_line    0x0000bb4c     0x226b build/tasks.o
 .debug_line    0x0000ddb7     0x125a build/cmsis_os.o
 .debug_line    0x0000f011      0x666 build/heap_4.o
 .debug_line    0x0000f677      0x5f0 build/port.o
 .debug_line    0x0000fc67       0x75 build/startup_stm32f103xb.o
 .debug_line    0x0000fcdc      0x174 g:/arm_tools/gcc-arm-11.2-2022.02-mingw-w64-i686-arm-none-eabi/bin/../lib/gcc/arm-none-eabi/11.2.1/thumb/v7-m/nofp\libc_nano.a(lib_a-init.o)
 .debug_line    0x0000fe50      0x176 g:/arm_tools/gcc-arm-11.2-2022.02-mingw-w64-i686-arm-none-eabi/bin/../lib/gcc/arm-none-eabi/11.2.1/thumb/v7-m/nofp\libc_nano.a(lib_a-memset.o)

.debug_str      0x00000000     0x4be2
 .debug_str     0x00000000     0x1209 build/main.o
                               0x1305 (size before relaxing)
 .debug_str     0x00001209       0x8a build/freertos.o
                                0x2d5 (size before relaxing)
 .debug_str     0x00001293       0xf2 build/stm32f1xx_it.o
                                0x257 (size before relaxing)
 .debug_str     0x00001385       0xdf build/stm32f1xx_hal_msp.o
                                0xd2f (size before relaxing)
 .debug_str     0x00001464      0x35b build/stm32f1xx_hal_adc.o
                                0x8a6 (size before relaxing)
 .debug_str     0x000017bf      0x2d9 build/stm32f1xx_hal.o
                                0x801 (size before relaxing)
 .debug_str     0x00001a98      0x1fe build/stm32f1xx_hal_rcc.o
                                0x5fe (size before relaxing)
 .debug_str     0x00001c96       0x81 build/stm32f1xx_hal_rcc_ex.o
                                0x3a6 (size before relaxing)
 .debug_str     0x00001d17       0xf0 build/stm32f1xx_hal_gpio.o
                                0x3d3 (size before relaxing)
 .debug_str     0x00001e07      0x39c build/stm32f1xx_hal_cortex.o
                                0x8a6 (size before relaxing)
 .debug_str     0x000021a3      0x8b6 build/stm32f1xx_hal_i2c.o
                                0xf8b (size before relaxing)
 .debug_str     0x00002a59      0x5e4 build/stm32f1xx_hal_uart.o
                                0xc61 (size before relaxing)
 .debug_str     0x0000303d       0x4f build/system_stm32f1xx.o
                                0x227 (size before relaxing)
 .debug_str     0x0000308c      0x136 build/list.o
                                0x2c8 (size before relaxing)
 .debug_str     0x000031c2      0xbc9 build/tasks.o
                                0xf9c (size before relaxing)
 .debug_str     0x00003d8b      0x839 build/cmsis_os.o
                               0x1009 (size before relaxing)
 .debug_str     0x000045c4      0x1de build/heap_4.o
                                0x3bc (size before relaxing)
 .debug_str     0x000047a2      0x16d build/port.o
                                0x438 (size before relaxing)
 .debug_str     0x0000490f       0x22 build/startup_stm32f103xb.o
                                 0x4e (size before relaxing)
 .debug_str     0x00004931      0x1cd g:/arm_tools/gcc-arm-11.2-2022.02-mingw-w64-i686-arm-none-eabi/bin/../lib/gcc/arm-none-eabi/11.2.1/thumb/v7-m/nofp\libc_nano.a(lib_a-init.o)
                                0x26f (size before relaxing)
 .debug_str     0x00004afe       0xe4 g:/arm_tools/gcc-arm-11.2-2022.02-mingw-w64-i686-arm-none-eabi/bin/../lib/gcc/arm-none-eabi/11.2.1/thumb/v7-m/nofp\libc_nano.a(lib_a-memset.o)
                                0x210 (size before relaxing)

.debug_frame    0x00000000     0x27ac
 .debug_frame   0x00000000       0xe4 build/main.o
 .debug_frame   0x000000e4       0x20 build/freertos.o
 .debug_frame   0x00000104       0xa0 build/stm32f1xx_it.o
 .debug_frame   0x000001a4       0xd4 build/stm32f1xx_hal_msp.o
 .debug_frame   0x00000278      0x2c4 build/stm32f1xx_hal_adc.o
 .debug_frame   0x0000053c      0x1cc build/stm32f1xx_hal.o
 .debug_frame   0x00000708      0x190 build/stm32f1xx_hal_rcc.o
 .debug_frame   0x00000898       0x64 build/stm32f1xx_hal_rcc_ex.o
 .debug_frame   0x000008fc       0xe4 build/stm32f1xx_hal_gpio.o
 .debug_frame   0x000009e0      0x118 build/stm32f1xx_hal_cortex.o
 .debug_frame   0x00000af8      0x970 build/stm32f1xx_hal_i2c.o
 .debug_frame   0x00001468      0x5c4 build/stm32f1xx_hal_uart.o
 .debug_frame   0x00001a2c       0x30 build/system_stm32f1xx.o
 .debug_frame   0x00001a5c       0x70 build/list.o
 .debug_frame   0x00001acc      0x568 build/tasks.o
 .debug_frame   0x00002034      0x58c build/cmsis_os.o
 .debug_frame   0x000025c0       0xb0 build/heap_4.o
 .debug_frame   0x00002670       0xf0 build/port.o
 .debug_frame   0x00002760       0x2c g:/arm_tools/gcc-arm-11.2-2022.02-mingw-w64-i686-arm-none-eabi/bin/../lib/gcc/arm-none-eabi/11.2.1/thumb/v7-m/nofp\libc_nano.a(lib_a-init.o)
 .debug_frame   0x0000278c       0x20 g:/arm_tools/gcc-arm-11.2-2022.02-mingw-w64-i686-arm-none-eabi/bin/../lib/gcc/arm-none-eabi/11.2.1/thumb/v7-m/nofp\libc_nano.a(lib_a-memset.o)

.debug_loclists
                0x00000000       0x6f
 .debug_loclists
                0x00000000       0x34 g:/arm_tools/gcc-arm-11.2-2022.02-mingw-w64-i686-arm-none-eabi/bin/../lib/gcc/arm-none-eabi/11.2.1/thumb/v7-m/nofp\libc_nano.a(lib_a-init.o)
 .debug_loclists
                0x00000034       0x3b g:/arm_tools/gcc-arm-11.2-2022.02-mingw-w64-i686-arm-none-eabi/bin/../lib/gcc/arm-none-eabi/11.2.1/thumb/v7-m/nofp\libc_nano.a(lib_a-memset.o)

.debug_rnglists
                0x00000000       0x26
 .debug_rnglists
                0x00000000       0x13 g:/arm_tools/gcc-arm-11.2-2022.02-mingw-w64-i686-arm-none-eabi/bin/../lib/gcc/arm-none-eabi/11.2.1/thumb/v7-m/nofp\libc_nano.a(lib_a-init.o)
 .debug_rnglists
                0x00000013       0x13 g:/arm_tools/gcc-arm-11.2-2022.02-mingw-w64-i686-arm-none-eabi/bin/../lib/gcc/arm-none-eabi/11.2.1/thumb/v7-m/nofp\libc_nano.a(lib_a-memset.o)

Cross Reference Table

Symbol                                            File
ADC1_2_IRQHandler                                 build/startup_stm32f103xb.o
ADC_ConversionStop_Disable                        build/stm32f1xx_hal_adc.o
                                                  build/stm32f1xx_hal_adc_ex.o
ADC_DMAConvCplt                                   build/stm32f1xx_hal_adc.o
                                                  build/stm32f1xx_hal_adc_ex.o
ADC_DMAError                                      build/stm32f1xx_hal_adc.o
                                                  build/stm32f1xx_hal_adc_ex.o
ADC_DMAHalfConvCplt                               build/stm32f1xx_hal_adc.o
                                                  build/stm32f1xx_hal_adc_ex.o
ADC_Enable                                        build/stm32f1xx_hal_adc.o
                                                  build/stm32f1xx_hal_adc_ex.o
AHBPrescTable                                     build/system_stm32f1xx.o
                                                  build/stm32f1xx_hal_rcc.o
APBPrescTable                                     build/system_stm32f1xx.o
                                                  build/stm32f1xx_hal_rcc.o
BusFault_Handler                                  build/stm32f1xx_it.o
CAN1_RX1_IRQHandler                               build/startup_stm32f103xb.o
CAN1_SCE_IRQHandler                               build/startup_stm32f103xb.o
DMA1_Channel1_IRQHandler                          build/startup_stm32f103xb.o
DMA1_Channel2_IRQHandler                          build/startup_stm32f103xb.o
DMA1_Channel3_IRQHandler                          build/startup_stm32f103xb.o
DMA1_Channel4_IRQHandler                          build/startup_stm32f103xb.o
DMA1_Channel5_IRQHandler                          build/startup_stm32f103xb.o
DMA1_Channel6_IRQHandler                          build/startup_stm32f103xb.o
DMA1_Channel7_IRQHandler                          build/startup_stm32f103xb.o
DebugMon_Handler                                  build/stm32f1xx_it.o
Default_Handler                                   build/startup_stm32f103xb.o
EXTI0_IRQHandler                                  build/startup_stm32f103xb.o
EXTI15_10_IRQHandler                              build/stm32f1xx_it.o
EXTI1_IRQHandler                                  build/startup_stm32f103xb.o
EXTI2_IRQHandler                                  build/startup_stm32f103xb.o
EXTI3_IRQHandler                                  build/startup_stm32f103xb.o
EXTI4_IRQHandler                                  build/startup_stm32f103xb.o
EXTI9_5_IRQHandler                                build/startup_stm32f103xb.o
Error_Handler                                     build/main.o
FLASH_IRQHandler                                  build/startup_stm32f103xb.o
FLASH_PageErase                                   build/stm32f1xx_hal_flash_ex.o
                                                  build/stm32f1xx_hal_flash.o
FLASH_WaitForLastOperation                        build/stm32f1xx_hal_flash.o
                                                  build/stm32f1xx_hal_flash_ex.o
HAL_ADCEx_Calibration_Start                       build/stm32f1xx_hal_adc_ex.o
HAL_ADCEx_InjectedConfigChannel                   build/stm32f1xx_hal_adc_ex.o
HAL_ADCEx_InjectedConvCpltCallback                build/stm32f1xx_hal_adc_ex.o
                                                  build/stm32f1xx_hal_adc.o
HAL_ADCEx_InjectedGetValue                        build/stm32f1xx_hal_adc_ex.o
HAL_ADCEx_InjectedPollForConversion               build/stm32f1xx_hal_adc_ex.o
HAL_ADCEx_InjectedStart                           build/stm32f1xx_hal_adc_ex.o
HAL_ADCEx_InjectedStart_IT                        build/stm32f1xx_hal_adc_ex.o
HAL_ADCEx_InjectedStop                            build/stm32f1xx_hal_adc_ex.o
HAL_ADCEx_InjectedStop_IT                         build/stm32f1xx_hal_adc_ex.o
HAL_ADCEx_MultiModeConfigChannel                  build/stm32f1xx_hal_adc_ex.o
HAL_ADCEx_MultiModeGetValue                       build/stm32f1xx_hal_adc_ex.o
HAL_ADCEx_MultiModeStart_DMA                      build/stm32f1xx_hal_adc_ex.o
HAL_ADCEx_MultiModeStop_DMA                       build/stm32f1xx_hal_adc_ex.o
HAL_ADC_AnalogWDGConfig                           build/stm32f1xx_hal_adc.o
HAL_ADC_ConfigChannel                             build/stm32f1xx_hal_adc.o
                                                  build/main.o
HAL_ADC_ConvCpltCallback                          build/stm32f1xx_hal_adc.o
HAL_ADC_ConvHalfCpltCallback                      build/stm32f1xx_hal_adc.o
HAL_ADC_DeInit                                    build/stm32f1xx_hal_adc.o
HAL_ADC_ErrorCallback                             build/stm32f1xx_hal_adc.o
HAL_ADC_GetError                                  build/stm32f1xx_hal_adc.o
HAL_ADC_GetState                                  build/stm32f1xx_hal_adc.o
HAL_ADC_GetValue                                  build/stm32f1xx_hal_adc.o
HAL_ADC_IRQHandler                                build/stm32f1xx_hal_adc.o
HAL_ADC_Init                                      build/stm32f1xx_hal_adc.o
                                                  build/main.o
HAL_ADC_LevelOutOfWindowCallback                  build/stm32f1xx_hal_adc.o
HAL_ADC_MspDeInit                                 build/stm32f1xx_hal_msp.o
HAL_ADC_MspInit                                   build/stm32f1xx_hal_msp.o
HAL_ADC_PollForConversion                         build/stm32f1xx_hal_adc.o
HAL_ADC_PollForEvent                              build/stm32f1xx_hal_adc.o
HAL_ADC_Start                                     build/stm32f1xx_hal_adc.o
HAL_ADC_Start_DMA                                 build/stm32f1xx_hal_adc.o
HAL_ADC_Start_IT                                  build/stm32f1xx_hal_adc.o
HAL_ADC_Stop                                      build/stm32f1xx_hal_adc.o
HAL_ADC_Stop_DMA                                  build/stm32f1xx_hal_adc.o
HAL_ADC_Stop_IT                                   build/stm32f1xx_hal_adc.o
HAL_DBGMCU_DisableDBGSleepMode                    build/stm32f1xx_hal.o
HAL_DBGMCU_DisableDBGStandbyMode                  build/stm32f1xx_hal.o
HAL_DBGMCU_DisableDBGStopMode                     build/stm32f1xx_hal.o
HAL_DBGMCU_EnableDBGSleepMode                     build/stm32f1xx_hal.o
HAL_DBGMCU_EnableDBGStandbyMode                   build/stm32f1xx_hal.o
HAL_DBGMCU_EnableDBGStopMode                      build/stm32f1xx_hal.o
HAL_DMA_Abort                                     build/stm32f1xx_hal_dma.o
                                                  build/stm32f1xx_hal_uart.o
                                                  build/stm32f1xx_hal_adc_ex.o
                                                  build/stm32f1xx_hal_adc.o
HAL_DMA_Abort_IT                                  build/stm32f1xx_hal_dma.o
                                                  build/stm32f1xx_hal_uart.o
                                                  build/stm32f1xx_hal_i2c.o
HAL_DMA_DeInit                                    build/stm32f1xx_hal_dma.o
HAL_DMA_GetError                                  build/stm32f1xx_hal_dma.o
                                                  build/stm32f1xx_hal_uart.o
HAL_DMA_GetState                                  build/stm32f1xx_hal_dma.o
                                                  build/stm32f1xx_hal_i2c.o
HAL_DMA_IRQHandler                                build/stm32f1xx_hal_dma.o
HAL_DMA_Init                                      build/stm32f1xx_hal_dma.o
HAL_DMA_PollForTransfer                           build/stm32f1xx_hal_dma.o
HAL_DMA_RegisterCallback                          build/stm32f1xx_hal_dma.o
HAL_DMA_Start                                     build/stm32f1xx_hal_dma.o
HAL_DMA_Start_IT                                  build/stm32f1xx_hal_dma.o
                                                  build/stm32f1xx_hal_uart.o
                                                  build/stm32f1xx_hal_i2c.o
                                                  build/stm32f1xx_hal_adc_ex.o
                                                  build/stm32f1xx_hal_adc.o
HAL_DMA_UnRegisterCallback                        build/stm32f1xx_hal_dma.o
HAL_DeInit                                        build/stm32f1xx_hal.o
HAL_Delay                                         build/stm32f1xx_hal.o
                                                  build/main.o
HAL_EXTI_ClearConfigLine                          build/stm32f1xx_hal_exti.o
HAL_EXTI_ClearPending                             build/stm32f1xx_hal_exti.o
HAL_EXTI_GenerateSWI                              build/stm32f1xx_hal_exti.o
HAL_EXTI_GetConfigLine                            build/stm32f1xx_hal_exti.o
HAL_EXTI_GetHandle                                build/stm32f1xx_hal_exti.o
HAL_EXTI_GetPending                               build/stm32f1xx_hal_exti.o
HAL_EXTI_IRQHandler                               build/stm32f1xx_hal_exti.o
HAL_EXTI_RegisterCallback                         build/stm32f1xx_hal_exti.o
HAL_EXTI_SetConfigLine                            build/stm32f1xx_hal_exti.o
HAL_FLASHEx_Erase                                 build/stm32f1xx_hal_flash_ex.o
HAL_FLASHEx_Erase_IT                              build/stm32f1xx_hal_flash_ex.o
HAL_FLASHEx_OBErase                               build/stm32f1xx_hal_flash_ex.o
HAL_FLASHEx_OBGetConfig                           build/stm32f1xx_hal_flash_ex.o
HAL_FLASHEx_OBGetUserData                         build/stm32f1xx_hal_flash_ex.o
HAL_FLASHEx_OBProgram                             build/stm32f1xx_hal_flash_ex.o
HAL_FLASH_EndOfOperationCallback                  build/stm32f1xx_hal_flash.o
HAL_FLASH_GetError                                build/stm32f1xx_hal_flash.o
HAL_FLASH_IRQHandler                              build/stm32f1xx_hal_flash.o
HAL_FLASH_Lock                                    build/stm32f1xx_hal_flash.o
HAL_FLASH_OB_Launch                               build/stm32f1xx_hal_flash.o
HAL_FLASH_OB_Lock                                 build/stm32f1xx_hal_flash.o
HAL_FLASH_OB_Unlock                               build/stm32f1xx_hal_flash.o
HAL_FLASH_OperationErrorCallback                  build/stm32f1xx_hal_flash.o
HAL_FLASH_Program                                 build/stm32f1xx_hal_flash.o
HAL_FLASH_Program_IT                              build/stm32f1xx_hal_flash.o
HAL_FLASH_Unlock                                  build/stm32f1xx_hal_flash.o
HAL_GPIOEx_ConfigEventout                         build/stm32f1xx_hal_gpio_ex.o
HAL_GPIOEx_DisableEventout                        build/stm32f1xx_hal_gpio_ex.o
HAL_GPIOEx_EnableEventout                         build/stm32f1xx_hal_gpio_ex.o
HAL_GPIO_DeInit                                   build/stm32f1xx_hal_gpio.o
                                                  build/stm32f1xx_hal_msp.o
HAL_GPIO_EXTI_Callback                            build/stm32f1xx_hal_gpio.o
HAL_GPIO_EXTI_IRQHandler                          build/stm32f1xx_hal_gpio.o
                                                  build/stm32f1xx_it.o
HAL_GPIO_Init                                     build/stm32f1xx_hal_gpio.o
                                                  build/stm32f1xx_hal_rcc.o
                                                  build/stm32f1xx_hal_msp.o
                                                  build/main.o
HAL_GPIO_LockPin                                  build/stm32f1xx_hal_gpio.o
HAL_GPIO_ReadPin                                  build/stm32f1xx_hal_gpio.o
HAL_GPIO_TogglePin                                build/stm32f1xx_hal_gpio.o
HAL_GPIO_WritePin                                 build/stm32f1xx_hal_gpio.o
                                                  build/main.o
HAL_GetDEVID                                      build/stm32f1xx_hal.o
HAL_GetHalVersion                                 build/stm32f1xx_hal.o
HAL_GetREVID                                      build/stm32f1xx_hal.o
HAL_GetTick                                       build/stm32f1xx_hal.o
                                                  build/stm32f1xx_hal_uart.o
                                                  build/stm32f1xx_hal_i2c.o
                                                  build/stm32f1xx_hal_flash.o
                                                  build/stm32f1xx_hal_dma.o
                                                  build/stm32f1xx_hal_rcc_ex.o
                                                  build/stm32f1xx_hal_rcc.o
                                                  build/stm32f1xx_hal_adc_ex.o
                                                  build/stm32f1xx_hal_adc.o
HAL_GetTickFreq                                   build/stm32f1xx_hal.o
HAL_GetTickPrio                                   build/stm32f1xx_hal.o
HAL_GetUIDw0                                      build/stm32f1xx_hal.o
HAL_GetUIDw1                                      build/stm32f1xx_hal.o
HAL_GetUIDw2                                      build/stm32f1xx_hal.o
HAL_HalfDuplex_EnableReceiver                     build/stm32f1xx_hal_uart.o
HAL_HalfDuplex_EnableTransmitter                  build/stm32f1xx_hal_uart.o
HAL_HalfDuplex_Init                               build/stm32f1xx_hal_uart.o
HAL_I2C_AbortCpltCallback                         build/stm32f1xx_hal_i2c.o
HAL_I2C_AddrCallback                              build/stm32f1xx_hal_i2c.o
HAL_I2C_DeInit                                    build/stm32f1xx_hal_i2c.o
HAL_I2C_DisableListen_IT                          build/stm32f1xx_hal_i2c.o
HAL_I2C_ER_IRQHandler                             build/stm32f1xx_hal_i2c.o
HAL_I2C_EV_IRQHandler                             build/stm32f1xx_hal_i2c.o
HAL_I2C_EnableListen_IT                           build/stm32f1xx_hal_i2c.o
HAL_I2C_ErrorCallback                             build/stm32f1xx_hal_i2c.o
HAL_I2C_GetError                                  build/stm32f1xx_hal_i2c.o
HAL_I2C_GetMode                                   build/stm32f1xx_hal_i2c.o
HAL_I2C_GetState                                  build/stm32f1xx_hal_i2c.o
HAL_I2C_Init                                      build/stm32f1xx_hal_i2c.o
                                                  build/main.o
HAL_I2C_IsDeviceReady                             build/stm32f1xx_hal_i2c.o
HAL_I2C_ListenCpltCallback                        build/stm32f1xx_hal_i2c.o
HAL_I2C_MasterRxCpltCallback                      build/stm32f1xx_hal_i2c.o
HAL_I2C_MasterTxCpltCallback                      build/stm32f1xx_hal_i2c.o
HAL_I2C_Master_Abort_IT                           build/stm32f1xx_hal_i2c.o
HAL_I2C_Master_Receive                            build/stm32f1xx_hal_i2c.o
HAL_I2C_Master_Receive_DMA                        build/stm32f1xx_hal_i2c.o
HAL_I2C_Master_Receive_IT                         build/stm32f1xx_hal_i2c.o
HAL_I2C_Master_Seq_Receive_DMA                    build/stm32f1xx_hal_i2c.o
HAL_I2C_Master_Seq_Receive_IT                     build/stm32f1xx_hal_i2c.o
HAL_I2C_Master_Seq_Transmit_DMA                   build/stm32f1xx_hal_i2c.o
HAL_I2C_Master_Seq_Transmit_IT                    build/stm32f1xx_hal_i2c.o
HAL_I2C_Master_Transmit                           build/stm32f1xx_hal_i2c.o
HAL_I2C_Master_Transmit_DMA                       build/stm32f1xx_hal_i2c.o
HAL_I2C_Master_Transmit_IT                        build/stm32f1xx_hal_i2c.o
HAL_I2C_MemRxCpltCallback                         build/stm32f1xx_hal_i2c.o
HAL_I2C_MemTxCpltCallback                         build/stm32f1xx_hal_i2c.o
HAL_I2C_Mem_Read                                  build/stm32f1xx_hal_i2c.o
HAL_I2C_Mem_Read_DMA                              build/stm32f1xx_hal_i2c.o
HAL_I2C_Mem_Read_IT                               build/stm32f1xx_hal_i2c.o
HAL_I2C_Mem_Write                                 build/stm32f1xx_hal_i2c.o
HAL_I2C_Mem_Write_DMA                             build/stm32f1xx_hal_i2c.o
HAL_I2C_Mem_Write_IT                              build/stm32f1xx_hal_i2c.o
HAL_I2C_MspDeInit                                 build/stm32f1xx_hal_msp.o
HAL_I2C_MspInit                                   build/stm32f1xx_hal_msp.o
HAL_I2C_SlaveRxCpltCallback                       build/stm32f1xx_hal_i2c.o
HAL_I2C_SlaveTxCpltCallback                       build/stm32f1xx_hal_i2c.o
HAL_I2C_Slave_Receive                             build/stm32f1xx_hal_i2c.o
HAL_I2C_Slave_Receive_DMA                         build/stm32f1xx_hal_i2c.o
HAL_I2C_Slave_Receive_IT                          build/stm32f1xx_hal_i2c.o
HAL_I2C_Slave_Seq_Receive_DMA                     build/stm32f1xx_hal_i2c.o
HAL_I2C_Slave_Seq_Receive_IT                      build/stm32f1xx_hal_i2c.o
HAL_I2C_Slave_Seq_Transmit_DMA                    build/stm32f1xx_hal_i2c.o
HAL_I2C_Slave_Seq_Transmit_IT                     build/stm32f1xx_hal_i2c.o
HAL_I2C_Slave_Transmit                            build/stm32f1xx_hal_i2c.o
HAL_I2C_Slave_Transmit_DMA                        build/stm32f1xx_hal_i2c.o
HAL_I2C_Slave_Transmit_IT                         build/stm32f1xx_hal_i2c.o
HAL_IncTick                                       build/stm32f1xx_hal.o
                                                  build/stm32f1xx_it.o
HAL_Init                                          build/stm32f1xx_hal.o
                                                  build/main.o
HAL_InitTick                                      build/stm32f1xx_hal.o
                                                  build/stm32f1xx_hal_rcc.o
HAL_LIN_Init                                      build/stm32f1xx_hal_uart.o
HAL_LIN_SendBreak                                 build/stm32f1xx_hal_uart.o
HAL_MspDeInit                                     build/stm32f1xx_hal.o
HAL_MspInit                                       build/stm32f1xx_hal_msp.o
HAL_MultiProcessor_EnterMuteMode                  build/stm32f1xx_hal_uart.o
HAL_MultiProcessor_ExitMuteMode                   build/stm32f1xx_hal_uart.o
HAL_MultiProcessor_Init                           build/stm32f1xx_hal_uart.o
HAL_NVIC_ClearPendingIRQ                          build/stm32f1xx_hal_cortex.o
HAL_NVIC_DisableIRQ                               build/stm32f1xx_hal_cortex.o
HAL_NVIC_EnableIRQ                                build/stm32f1xx_hal_cortex.o
                                                  build/main.o
HAL_NVIC_GetActive                                build/stm32f1xx_hal_cortex.o
HAL_NVIC_GetPendingIRQ                            build/stm32f1xx_hal_cortex.o
HAL_NVIC_GetPriority                              build/stm32f1xx_hal_cortex.o
HAL_NVIC_GetPriorityGrouping                      build/stm32f1xx_hal_cortex.o
HAL_NVIC_SetPendingIRQ                            build/stm32f1xx_hal_cortex.o
HAL_NVIC_SetPriority                              build/stm32f1xx_hal_cortex.o
                                                  build/stm32f1xx_hal.o
                                                  build/stm32f1xx_hal_msp.o
                                                  build/main.o
HAL_NVIC_SetPriorityGrouping                      build/stm32f1xx_hal_cortex.o
                                                  build/stm32f1xx_hal.o
HAL_NVIC_SystemReset                              build/stm32f1xx_hal_cortex.o
                                                  build/stm32f1xx_hal_flash.o
HAL_PWR_ConfigPVD                                 build/stm32f1xx_hal_pwr.o
HAL_PWR_DeInit                                    build/stm32f1xx_hal_pwr.o
HAL_PWR_DisableBkUpAccess                         build/stm32f1xx_hal_pwr.o
HAL_PWR_DisablePVD                                build/stm32f1xx_hal_pwr.o
HAL_PWR_DisableSEVOnPend                          build/stm32f1xx_hal_pwr.o
HAL_PWR_DisableSleepOnExit                        build/stm32f1xx_hal_pwr.o
HAL_PWR_DisableWakeUpPin                          build/stm32f1xx_hal_pwr.o
HAL_PWR_EnableBkUpAccess                          build/stm32f1xx_hal_pwr.o
HAL_PWR_EnablePVD                                 build/stm32f1xx_hal_pwr.o
HAL_PWR_EnableSEVOnPend                           build/stm32f1xx_hal_pwr.o
HAL_PWR_EnableSleepOnExit                         build/stm32f1xx_hal_pwr.o
HAL_PWR_EnableWakeUpPin                           build/stm32f1xx_hal_pwr.o
HAL_PWR_EnterSLEEPMode                            build/stm32f1xx_hal_pwr.o
HAL_PWR_EnterSTANDBYMode                          build/stm32f1xx_hal_pwr.o
HAL_PWR_EnterSTOPMode                             build/stm32f1xx_hal_pwr.o
HAL_PWR_PVDCallback                               build/stm32f1xx_hal_pwr.o
HAL_PWR_PVD_IRQHandler                            build/stm32f1xx_hal_pwr.o
HAL_RCCEx_GetPeriphCLKConfig                      build/stm32f1xx_hal_rcc_ex.o
HAL_RCCEx_GetPeriphCLKFreq                        build/stm32f1xx_hal_rcc_ex.o
                                                  build/stm32f1xx_hal_adc_ex.o
                                                  build/stm32f1xx_hal_adc.o
HAL_RCCEx_PeriphCLKConfig                         build/stm32f1xx_hal_rcc_ex.o
                                                  build/main.o
HAL_RCC_CSSCallback                               build/stm32f1xx_hal_rcc.o
HAL_RCC_ClockConfig                               build/stm32f1xx_hal_rcc.o
                                                  build/main.o
HAL_RCC_DeInit                                    build/stm32f1xx_hal_rcc.o
HAL_RCC_DisableCSS                                build/stm32f1xx_hal_rcc.o
HAL_RCC_EnableCSS                                 build/stm32f1xx_hal_rcc.o
HAL_RCC_GetClockConfig                            build/stm32f1xx_hal_rcc.o
HAL_RCC_GetHCLKFreq                               build/stm32f1xx_hal_rcc.o
HAL_RCC_GetOscConfig                              build/stm32f1xx_hal_rcc.o
HAL_RCC_GetPCLK1Freq                              build/stm32f1xx_hal_rcc.o
                                                  build/stm32f1xx_hal_uart.o
                                                  build/stm32f1xx_hal_i2c.o
HAL_RCC_GetPCLK2Freq                              build/stm32f1xx_hal_rcc.o
                                                  build/stm32f1xx_hal_uart.o
                                                  build/stm32f1xx_hal_rcc_ex.o
HAL_RCC_GetSysClockFreq                           build/stm32f1xx_hal_rcc.o
HAL_RCC_MCOConfig                                 build/stm32f1xx_hal_rcc.o
HAL_RCC_NMI_IRQHandler                            build/stm32f1xx_hal_rcc.o
HAL_RCC_OscConfig                                 build/stm32f1xx_hal_rcc.o
                                                  build/main.o
HAL_ResumeTick                                    build/stm32f1xx_hal.o
HAL_SYSTICK_CLKSourceConfig                       build/stm32f1xx_hal_cortex.o
HAL_SYSTICK_Callback                              build/stm32f1xx_hal_cortex.o
HAL_SYSTICK_Config                                build/stm32f1xx_hal_cortex.o
                                                  build/stm32f1xx_hal.o
HAL_SYSTICK_IRQHandler                            build/stm32f1xx_hal_cortex.o
HAL_SetTickFreq                                   build/stm32f1xx_hal.o
HAL_SuspendTick                                   build/stm32f1xx_hal.o
HAL_UARTEx_ReceiveToIdle                          build/stm32f1xx_hal_uart.o
HAL_UARTEx_ReceiveToIdle_DMA                      build/stm32f1xx_hal_uart.o
HAL_UARTEx_ReceiveToIdle_IT                       build/stm32f1xx_hal_uart.o
HAL_UARTEx_RxEventCallback                        build/stm32f1xx_hal_uart.o
HAL_UART_Abort                                    build/stm32f1xx_hal_uart.o
HAL_UART_AbortCpltCallback                        build/stm32f1xx_hal_uart.o
HAL_UART_AbortReceive                             build/stm32f1xx_hal_uart.o
HAL_UART_AbortReceiveCpltCallback                 build/stm32f1xx_hal_uart.o
HAL_UART_AbortReceive_IT                          build/stm32f1xx_hal_uart.o
HAL_UART_AbortTransmit                            build/stm32f1xx_hal_uart.o
HAL_UART_AbortTransmitCpltCallback                build/stm32f1xx_hal_uart.o
HAL_UART_AbortTransmit_IT                         build/stm32f1xx_hal_uart.o
HAL_UART_Abort_IT                                 build/stm32f1xx_hal_uart.o
HAL_UART_DMAPause                                 build/stm32f1xx_hal_uart.o
HAL_UART_DMAResume                                build/stm32f1xx_hal_uart.o
HAL_UART_DMAStop                                  build/stm32f1xx_hal_uart.o
HAL_UART_DeInit                                   build/stm32f1xx_hal_uart.o
HAL_UART_ErrorCallback                            build/stm32f1xx_hal_uart.o
HAL_UART_GetError                                 build/stm32f1xx_hal_uart.o
HAL_UART_GetState                                 build/stm32f1xx_hal_uart.o
HAL_UART_IRQHandler                               build/stm32f1xx_hal_uart.o
HAL_UART_Init                                     build/stm32f1xx_hal_uart.o
                                                  build/main.o
HAL_UART_MspDeInit                                build/stm32f1xx_hal_msp.o
HAL_UART_MspInit                                  build/stm32f1xx_hal_msp.o
HAL_UART_Receive                                  build/stm32f1xx_hal_uart.o
HAL_UART_Receive_DMA                              build/stm32f1xx_hal_uart.o
HAL_UART_Receive_IT                               build/stm32f1xx_hal_uart.o
HAL_UART_RxCpltCallback                           build/stm32f1xx_hal_uart.o
HAL_UART_RxHalfCpltCallback                       build/stm32f1xx_hal_uart.o
HAL_UART_Transmit                                 build/stm32f1xx_hal_uart.o
HAL_UART_Transmit_DMA                             build/stm32f1xx_hal_uart.o
HAL_UART_Transmit_IT                              build/stm32f1xx_hal_uart.o
HAL_UART_TxCpltCallback                           build/stm32f1xx_hal_uart.o
HAL_UART_TxHalfCpltCallback                       build/stm32f1xx_hal_uart.o
HardFault_Handler                                 build/stm32f1xx_it.o
I2C1_ER_IRQHandler                                build/startup_stm32f103xb.o
I2C1_EV_IRQHandler                                build/startup_stm32f103xb.o
I2C2_ER_IRQHandler                                build/startup_stm32f103xb.o
I2C2_EV_IRQHandler                                build/startup_stm32f103xb.o
MemManage_Handler                                 build/stm32f1xx_it.o
NMI_Handler                                       build/stm32f1xx_it.o
PVD_IRQHandler                                    build/startup_stm32f103xb.o
PendSV_Handler                                    build/port.o
RCC_IRQHandler                                    build/startup_stm32f103xb.o
RTC_Alarm_IRQHandler                              build/startup_stm32f103xb.o
RTC_IRQHandler                                    build/startup_stm32f103xb.o
Reset_Handler                                     build/startup_stm32f103xb.o
SPI1_IRQHandler                                   build/startup_stm32f103xb.o
SPI2_IRQHandler                                   build/startup_stm32f103xb.o
SVC_Handler                                       build/port.o
StartDefaultTask                                  build/main.o
SysTick_Handler                                   build/stm32f1xx_it.o
SystemClock_Config                                build/main.o
SystemCoreClock                                   build/system_stm32f1xx.o
                                                  build/port.o
                                                  build/stm32f1xx_hal_i2c.o
                                                  build/stm32f1xx_hal_rcc.o
                                                  build/stm32f1xx_hal.o
                                                  build/stm32f1xx_hal_adc_ex.o
                                                  build/stm32f1xx_hal_adc.o
SystemCoreClockUpdate                             build/system_stm32f1xx.o
SystemInit                                        build/system_stm32f1xx.o
                                                  build/startup_stm32f103xb.o
TAMPER_IRQHandler                                 build/startup_stm32f103xb.o
TIM1_BRK_IRQHandler                               build/startup_stm32f103xb.o
TIM1_CC_IRQHandler                                build/startup_stm32f103xb.o
TIM1_TRG_COM_IRQHandler                           build/startup_stm32f103xb.o
TIM1_UP_IRQHandler                                build/startup_stm32f103xb.o
TIM2_IRQHandler                                   build/startup_stm32f103xb.o
TIM3_IRQHandler                                   build/startup_stm32f103xb.o
TIM4_IRQHandler                                   build/startup_stm32f103xb.o
UART_Start_Receive_DMA                            build/stm32f1xx_hal_uart.o
UART_Start_Receive_IT                             build/stm32f1xx_hal_uart.o
USART1_IRQHandler                                 build/startup_stm32f103xb.o
USART2_IRQHandler                                 build/startup_stm32f103xb.o
USART3_IRQHandler                                 build/startup_stm32f103xb.o
USBWakeUp_IRQHandler                              build/startup_stm32f103xb.o
USB_HP_CAN1_TX_IRQHandler                         build/startup_stm32f103xb.o
USB_LP_CAN1_RX0_IRQHandler                        build/startup_stm32f103xb.o
UsageFault_Handler                                build/stm32f1xx_it.o
WWDG_IRQHandler                                   build/startup_stm32f103xb.o
_ITM_deregisterTMCloneTable                       g:/arm_tools/gcc-arm-11.2-2022.02-mingw-w64-i686-arm-none-eabi/bin/../lib/gcc/arm-none-eabi/11.2.1/thumb/v7-m/nofp/crtbegin.o
_ITM_registerTMCloneTable                         g:/arm_tools/gcc-arm-11.2-2022.02-mingw-w64-i686-arm-none-eabi/bin/../lib/gcc/arm-none-eabi/11.2.1/thumb/v7-m/nofp/crtbegin.o
__TMC_END__                                       g:/arm_tools/gcc-arm-11.2-2022.02-mingw-w64-i686-arm-none-eabi/bin/../lib/gcc/arm-none-eabi/11.2.1/thumb/v7-m/nofp/crtend.o
                                                  g:/arm_tools/gcc-arm-11.2-2022.02-mingw-w64-i686-arm-none-eabi/bin/../lib/gcc/arm-none-eabi/11.2.1/thumb/v7-m/nofp/crtbegin.o
__bss_end__                                       g:/arm_tools/gcc-arm-11.2-2022.02-mingw-w64-i686-arm-none-eabi/bin/../lib/gcc/arm-none-eabi/11.2.1/thumb/v7-m/nofp/crt0.o
__bss_start__                                     g:/arm_tools/gcc-arm-11.2-2022.02-mingw-w64-i686-arm-none-eabi/bin/../lib/gcc/arm-none-eabi/11.2.1/thumb/v7-m/nofp/crt0.o
__call_exitprocs                                  g:/arm_tools/gcc-arm-11.2-2022.02-mingw-w64-i686-arm-none-eabi/bin/../lib/gcc/arm-none-eabi/11.2.1/thumb/v7-m/nofp\libc_nano.a(lib_a-exit.o)
__deregister_frame_info                           g:/arm_tools/gcc-arm-11.2-2022.02-mingw-w64-i686-arm-none-eabi/bin/../lib/gcc/arm-none-eabi/11.2.1/thumb/v7-m/nofp/crtbegin.o
__dso_handle                                      g:/arm_tools/gcc-arm-11.2-2022.02-mingw-w64-i686-arm-none-eabi/bin/../lib/gcc/arm-none-eabi/11.2.1/thumb/v7-m/nofp/crtbegin.o
__init_array_end                                  g:/arm_tools/gcc-arm-11.2-2022.02-mingw-w64-i686-arm-none-eabi/bin/../lib/gcc/arm-none-eabi/11.2.1/thumb/v7-m/nofp\libc_nano.a(lib_a-init.o)
__init_array_start                                g:/arm_tools/gcc-arm-11.2-2022.02-mingw-w64-i686-arm-none-eabi/bin/../lib/gcc/arm-none-eabi/11.2.1/thumb/v7-m/nofp\libc_nano.a(lib_a-init.o)
__libc_fini_array                                 g:/arm_tools/gcc-arm-11.2-2022.02-mingw-w64-i686-arm-none-eabi/bin/../lib/gcc/arm-none-eabi/11.2.1/thumb/v7-m/nofp/crt0.o
__libc_init_array                                 g:/arm_tools/gcc-arm-11.2-2022.02-mingw-w64-i686-arm-none-eabi/bin/../lib/gcc/arm-none-eabi/11.2.1/thumb/v7-m/nofp\libc_nano.a(lib_a-init.o)
                                                  build/startup_stm32f103xb.o
                                                  g:/arm_tools/gcc-arm-11.2-2022.02-mingw-w64-i686-arm-none-eabi/bin/../lib/gcc/arm-none-eabi/11.2.1/thumb/v7-m/nofp/crt0.o
__preinit_array_end                               g:/arm_tools/gcc-arm-11.2-2022.02-mingw-w64-i686-arm-none-eabi/bin/../lib/gcc/arm-none-eabi/11.2.1/thumb/v7-m/nofp\libc_nano.a(lib_a-init.o)
__preinit_array_start                             g:/arm_tools/gcc-arm-11.2-2022.02-mingw-w64-i686-arm-none-eabi/bin/../lib/gcc/arm-none-eabi/11.2.1/thumb/v7-m/nofp\libc_nano.a(lib_a-init.o)
__register_frame_info                             g:/arm_tools/gcc-arm-11.2-2022.02-mingw-w64-i686-arm-none-eabi/bin/../lib/gcc/arm-none-eabi/11.2.1/thumb/v7-m/nofp/crtbegin.o
__sf_fake_stderr                                  g:/arm_tools/gcc-arm-11.2-2022.02-mingw-w64-i686-arm-none-eabi/bin/../lib/gcc/arm-none-eabi/11.2.1/thumb/v7-m/nofp\libc_nano.a(lib_a-impure.o)
__sf_fake_stdin                                   g:/arm_tools/gcc-arm-11.2-2022.02-mingw-w64-i686-arm-none-eabi/bin/../lib/gcc/arm-none-eabi/11.2.1/thumb/v7-m/nofp\libc_nano.a(lib_a-impure.o)
__sf_fake_stdout                                  g:/arm_tools/gcc-arm-11.2-2022.02-mingw-w64-i686-arm-none-eabi/bin/../lib/gcc/arm-none-eabi/11.2.1/thumb/v7-m/nofp\libc_nano.a(lib_a-impure.o)
__stack                                           g:/arm_tools/gcc-arm-11.2-2022.02-mingw-w64-i686-arm-none-eabi/bin/../lib/gcc/arm-none-eabi/11.2.1/thumb/v7-m/nofp/crt0.o
_ebss                                             build/startup_stm32f103xb.o
_edata                                            build/startup_stm32f103xb.o
_estack                                           build/startup_stm32f103xb.o
_exit                                             g:/arm_tools/gcc-arm-11.2-2022.02-mingw-w64-i686-arm-none-eabi/bin/../lib/gcc/arm-none-eabi/11.2.1/thumb/v7-m/nofp\libnosys.a(_exit.o)
                                                  g:/arm_tools/gcc-arm-11.2-2022.02-mingw-w64-i686-arm-none-eabi/bin/../lib/gcc/arm-none-eabi/11.2.1/thumb/v7-m/nofp\libc_nano.a(lib_a-exit.o)
_fini                                             g:/arm_tools/gcc-arm-11.2-2022.02-mingw-w64-i686-arm-none-eabi/bin/../lib/gcc/arm-none-eabi/11.2.1/thumb/v7-m/nofp/crti.o
_global_impure_ptr                                g:/arm_tools/gcc-arm-11.2-2022.02-mingw-w64-i686-arm-none-eabi/bin/../lib/gcc/arm-none-eabi/11.2.1/thumb/v7-m/nofp\libc_nano.a(lib_a-impure.o)
                                                  g:/arm_tools/gcc-arm-11.2-2022.02-mingw-w64-i686-arm-none-eabi/bin/../lib/gcc/arm-none-eabi/11.2.1/thumb/v7-m/nofp\libc_nano.a(lib_a-exit.o)
_impure_ptr                                       g:/arm_tools/gcc-arm-11.2-2022.02-mingw-w64-i686-arm-none-eabi/bin/../lib/gcc/arm-none-eabi/11.2.1/thumb/v7-m/nofp\libc_nano.a(lib_a-impure.o)
_init                                             g:/arm_tools/gcc-arm-11.2-2022.02-mingw-w64-i686-arm-none-eabi/bin/../lib/gcc/arm-none-eabi/11.2.1/thumb/v7-m/nofp/crti.o
                                                  g:/arm_tools/gcc-arm-11.2-2022.02-mingw-w64-i686-arm-none-eabi/bin/../lib/gcc/arm-none-eabi/11.2.1/thumb/v7-m/nofp\libc_nano.a(lib_a-init.o)
_mainCRTStartup                                   g:/arm_tools/gcc-arm-11.2-2022.02-mingw-w64-i686-arm-none-eabi/bin/../lib/gcc/arm-none-eabi/11.2.1/thumb/v7-m/nofp/crt0.o
_sbss                                             build/startup_stm32f103xb.o
_sdata                                            build/startup_stm32f103xb.o
_sidata                                           build/startup_stm32f103xb.o
_stack_init                                       g:/arm_tools/gcc-arm-11.2-2022.02-mingw-w64-i686-arm-none-eabi/bin/../lib/gcc/arm-none-eabi/11.2.1/thumb/v7-m/nofp/crt0.o
_start                                            g:/arm_tools/gcc-arm-11.2-2022.02-mingw-w64-i686-arm-none-eabi/bin/../lib/gcc/arm-none-eabi/11.2.1/thumb/v7-m/nofp/crt0.o
atexit                                            g:/arm_tools/gcc-arm-11.2-2022.02-mingw-w64-i686-arm-none-eabi/bin/../lib/gcc/arm-none-eabi/11.2.1/thumb/v7-m/nofp/crt0.o
defaultTaskHandle                                 build/main.o
exit                                              g:/arm_tools/gcc-arm-11.2-2022.02-mingw-w64-i686-arm-none-eabi/bin/../lib/gcc/arm-none-eabi/11.2.1/thumb/v7-m/nofp\libc_nano.a(lib_a-exit.o)
                                                  g:/arm_tools/gcc-arm-11.2-2022.02-mingw-w64-i686-arm-none-eabi/bin/../lib/gcc/arm-none-eabi/11.2.1/thumb/v7-m/nofp/crt0.o
g_pfnVectors                                      build/startup_stm32f103xb.o
hadc1                                             build/main.o
hardware_init_hook                                g:/arm_tools/gcc-arm-11.2-2022.02-mingw-w64-i686-arm-none-eabi/bin/../lib/gcc/arm-none-eabi/11.2.1/thumb/v7-m/nofp/crt0.o
hi2c1                                             build/main.o
huart2                                            build/main.o
main                                              build/main.o
                                                  build/startup_stm32f103xb.o
                                                  g:/arm_tools/gcc-arm-11.2-2022.02-mingw-w64-i686-arm-none-eabi/bin/../lib/gcc/arm-none-eabi/11.2.1/thumb/v7-m/nofp/crt0.o
memcpy                                            g:/arm_tools/gcc-arm-11.2-2022.02-mingw-w64-i686-arm-none-eabi/bin/../lib/gcc/arm-none-eabi/11.2.1/thumb/v7-m/nofp\libc_nano.a(lib_a-memcpy-stub.o)
                                                  build/stream_buffer.o
                                                  build/queue.o
memset                                            g:/arm_tools/gcc-arm-11.2-2022.02-mingw-w64-i686-arm-none-eabi/bin/../lib/gcc/arm-none-eabi/11.2.1/thumb/v7-m/nofp\libc_nano.a(lib_a-memset.o)
                                                  build/stream_buffer.o
                                                  build/stm32f1xx_hal_adc_ex.o
                                                  build/main.o
                                                  g:/arm_tools/gcc-arm-11.2-2022.02-mingw-w64-i686-arm-none-eabi/bin/../lib/gcc/arm-none-eabi/11.2.1/thumb/v7-m/nofp/crt0.o
osAbortDelay                                      build/cmsis_os.o
osDelay                                           build/cmsis_os.o
                                                  build/main.o
osDelayUntil                                      build/cmsis_os.o
osKernelRunning                                   build/cmsis_os.o
osKernelStart                                     build/cmsis_os.o
                                                  build/main.o
osKernelSysTick                                   build/cmsis_os.o
osMailAlloc                                       build/cmsis_os.o
osMailCAlloc                                      build/cmsis_os.o
osMailCreate                                      build/cmsis_os.o
osMailFree                                        build/cmsis_os.o
osMailGet                                         build/cmsis_os.o
osMailPut                                         build/cmsis_os.o
osMessageAvailableSpace                           build/cmsis_os.o
osMessageCreate                                   build/cmsis_os.o
osMessageDelete                                   build/cmsis_os.o
osMessageGet                                      build/cmsis_os.o
osMessagePeek                                     build/cmsis_os.o
osMessagePut                                      build/cmsis_os.o
osMessageWaiting                                  build/cmsis_os.o
osMutexCreate                                     build/cmsis_os.o
osMutexDelete                                     build/cmsis_os.o
osMutexRelease                                    build/cmsis_os.o
osMutexWait                                       build/cmsis_os.o
osPoolAlloc                                       build/cmsis_os.o
osPoolCAlloc                                      build/cmsis_os.o
osPoolCreate                                      build/cmsis_os.o
osPoolFree                                        build/cmsis_os.o
osRecursiveMutexCreate                            build/cmsis_os.o
osRecursiveMutexRelease                           build/cmsis_os.o
osRecursiveMutexWait                              build/cmsis_os.o
osSemaphoreCreate                                 build/cmsis_os.o
osSemaphoreDelete                                 build/cmsis_os.o
osSemaphoreGetCount                               build/cmsis_os.o
osSemaphoreRelease                                build/cmsis_os.o
osSemaphoreWait                                   build/cmsis_os.o
osSignalSet                                       build/cmsis_os.o
osSignalWait                                      build/cmsis_os.o
osSystickHandler                                  build/cmsis_os.o
osThreadCreate                                    build/cmsis_os.o
                                                  build/main.o
osThreadGetId                                     build/cmsis_os.o
osThreadGetPriority                               build/cmsis_os.o
osThreadList                                      build/cmsis_os.o
osThreadResume                                    build/cmsis_os.o
osThreadResumeAll                                 build/cmsis_os.o
osThreadSetPriority                               build/cmsis_os.o
osThreadSuspend                                   build/cmsis_os.o
osThreadSuspendAll                                build/cmsis_os.o
osThreadTerminate                                 build/cmsis_os.o
osThreadYield                                     build/cmsis_os.o
osTimerCreate                                     build/cmsis_os.o
osTimerDelete                                     build/cmsis_os.o
osTimerStart                                      build/cmsis_os.o
osTimerStop                                       build/cmsis_os.o
pFlash                                            build/stm32f1xx_hal_flash.o
                                                  build/stm32f1xx_hal_flash_ex.o
pcQueueGetName                                    build/queue.o
pcTaskGetName                                     build/tasks.o
pvPortMalloc                                      build/heap_4.o
                                                  build/cmsis_os.o
                                                  build/tasks.o
                                                  build/stream_buffer.o
                                                  build/queue.o
                                                  build/event_groups.o
pvTaskIncrementMutexHeldCount                     build/tasks.o
                                                  build/queue.o
pxCurrentTCB                                      build/tasks.o
                                                  build/port.o
pxPortInitialiseStack                             build/port.o
                                                  build/tasks.o
software_init_hook                                g:/arm_tools/gcc-arm-11.2-2022.02-mingw-w64-i686-arm-none-eabi/bin/../lib/gcc/arm-none-eabi/11.2.1/thumb/v7-m/nofp/crt0.o
ulTaskNotifyTake                                  build/tasks.o
uwTick                                            build/stm32f1xx_hal.o
uwTickFreq                                        build/stm32f1xx_hal.o
uwTickPrio                                        build/stm32f1xx_hal.o
                                                  build/stm32f1xx_hal_rcc.o
uxListRemove                                      build/list.o
                                                  build/tasks.o
uxQueueMessagesWaiting                            build/queue.o
                                                  build/cmsis_os.o
uxQueueMessagesWaitingFromISR                     build/queue.o
                                                  build/cmsis_os.o
uxQueueSpacesAvailable                            build/queue.o
                                                  build/cmsis_os.o
uxTaskGetNumberOfTasks                            build/tasks.o
uxTaskPriorityGet                                 build/tasks.o
                                                  build/cmsis_os.o
uxTaskPriorityGetFromISR                          build/tasks.o
                                                  build/cmsis_os.o
uxTaskResetEventItemValue                         build/tasks.o
                                                  build/event_groups.o
vApplicationGetIdleTaskMemory                     build/freertos.o
                                                  build/tasks.o
vEventGroupClearBitsCallback                      build/event_groups.o
vEventGroupDelete                                 build/event_groups.o
vEventGroupSetBitsCallback                        build/event_groups.o
vListInitialise                                   build/list.o
                                                  build/tasks.o
                                                  build/queue.o
                                                  build/event_groups.o
vListInitialiseItem                               build/list.o
                                                  build/tasks.o
vListInsert                                       build/list.o
                                                  build/tasks.o
vListInsertEnd                                    build/list.o
                                                  build/tasks.o
vPortEndScheduler                                 build/port.o
                                                  build/tasks.o
vPortEnterCritical                                build/port.o
                                                  build/cmsis_os.o
                                                  build/tasks.o
                                                  build/stream_buffer.o
                                                  build/queue.o
                                                  build/event_groups.o
vPortExitCritical                                 build/port.o
                                                  build/cmsis_os.o
                                                  build/tasks.o
                                                  build/stream_buffer.o
                                                  build/queue.o
                                                  build/event_groups.o
vPortFree                                         build/heap_4.o
                                                  build/cmsis_os.o
                                                  build/tasks.o
                                                  build/stream_buffer.o
                                                  build/queue.o
                                                  build/event_groups.o
vPortInitialiseBlocks                             build/heap_4.o
vPortSetupTimerInterrupt                          build/port.o
vPortValidateInterruptPriority                    build/port.o
                                                  build/tasks.o
                                                  build/queue.o
vQueueAddToRegistry                               build/queue.o
vQueueDelete                                      build/queue.o